2026-06-18 12:35:13,506 [INFO] bootstrap: log setup finished successfully.
2026-06-18 12:35:13,506 [INFO] bootstrap: log setup finished successfully.
2026-06-18 12:35:13,506 [INFO] bootstrap: Initialize - gameutils.base
2026-06-18 12:35:13,506 [INFO] bootstrap: Initialize - gameutils.base
2026-06-18 12:35:13,531 [INFO] bootstrap: Initialize - AssetMap
2026-06-18 12:35:13,531 [INFO] bootstrap: Initialize - AssetMap
2026-06-18 12:35:13,532 [INFO] bootstrap: Initialize - SceneManager
2026-06-18 12:35:13,532 [INFO] bootstrap: Initialize - SceneManager
2026-06-18 12:35:13,532 [INFO] service_locater: ã‚µãƒ¼ãƒ“ã‚¹ç™»éŒ²:('SCENE_MANAGER', <class 'scene.scene_manager.SceneManager'>)
2026-06-18 12:35:13,532 [INFO] service_locater: ƒT[ƒrƒX“o˜^:('SCENE_MANAGER', <class 'scene.scene_manager.SceneManager'>)
2026-06-18 12:35:13,534 [INFO] bootstrap: Initialize - FieldMap
2026-06-18 12:35:13,534 [INFO] bootstrap: Initialize - FieldMap
2026-06-18 12:35:13,577 [INFO] service_locater: ã‚µãƒ¼ãƒ“ã‚¹ç™»éŒ²:('MAPGRAPH', <class 'field_map.MapGraph'>)
2026-06-18 12:35:13,577 [INFO] service_locater: ƒT[ƒrƒX“o˜^:('MAPGRAPH', <class 'field_map.MapGraph'>)
2026-06-18 12:35:13,577 [INFO] bootstrap: Initialize - Party
2026-06-18 12:35:13,577 [INFO] bootstrap: Initialize - Party
2026-06-18 12:35:13,577 [INFO] service_locater: ã‚µãƒ¼ãƒ“ã‚¹ç™»éŒ²:('HERO', <class 'entity.character.Character'>)
2026-06-18 12:35:13,577 [INFO] service_locater: ƒT[ƒrƒX“o˜^:('HERO', <class 'entity.character.Character'>)
2026-06-18 12:35:13,578 [INFO] service_locater: ã‚µãƒ¼ãƒ“ã‚¹ç™»éŒ²:('MEMBER1', <class 'entity.character.Character'>)
2026-06-18 12:35:13,578 [INFO] service_locater: ƒT[ƒrƒX“o˜^:('MEMBER1', <class 'entity.character.Character'>)
2026-06-18 12:35:13,578 [INFO] service_locater: ã‚µãƒ¼ãƒ“ã‚¹ç™»éŒ²:('MEMBER2', <class 'entity.character.Character'>)
2026-06-18 12:35:13,578 [INFO] service_locater: ƒT[ƒrƒX“o˜^:('MEMBER2', <class 'entity.character.Character'>)
2026-06-18 12:35:13,579 [INFO] service_locater: ã‚µãƒ¼ãƒ“ã‚¹ç™»éŒ²:('PARTY', <class 'entity.party.Party'>)
2026-06-18 12:35:13,579 [INFO] service_locater: ƒT[ƒrƒX“o˜^:('PARTY', <class 'entity.party.Party'>)
2026-06-18 12:35:13,579 [INFO] bootstrap: Initialize - Item MasterData
2026-06-18 12:35:13,579 [INFO] bootstrap: Initialize - Item MasterData
2026-06-18 12:35:13,579 [INFO] service_locater: ã‚µãƒ¼ãƒ“ã‚¹ç™»éŒ²:('ITEM_MANAGER', <class 'item.item_manager.ItemManager'>)
2026-06-18 12:35:13,579 [INFO] service_locater: ƒT[ƒrƒX“o˜^:('ITEM_MANAGER', <class 'item.item_manager.ItemManager'>)
2026-06-18 12:35:13,580 [INFO] service_locater: ã‚µãƒ¼ãƒ“ã‚¹ç™»éŒ²:('ITEMPOOL', <class 'item.item_pool.ItemPool'>)
2026-06-18 12:35:13,580 [INFO] service_locater: ƒT[ƒrƒX“o˜^:('ITEMPOOL', <class 'item.item_pool.ItemPool'>)
2026-06-18 12:35:13,580 [INFO] service_locater: ã‚µãƒ¼ãƒ“ã‚¹ç™»éŒ²:('STACKPOOL', <class 'item.item_pool.StackPool'>)
2026-06-18 12:35:13,580 [INFO] service_locater: ƒT[ƒrƒX“o˜^:('STACKPOOL', <class 'item.item_pool.StackPool'>)
2026-06-18 12:35:13,581 [INFO] __main__: launch the game application.
2026-06-18 12:35:13,581 [INFO] __main__: launch the game application.
2026-06-18 12:35:13,581 [INFO] game: Initialize - Pyxel
2026-06-18 12:35:13,581 [INFO] game: Initialize - Pyxel
2026-06-18 12:35:14,070 [INFO] game: Start Pyxel frame procedure.
2026-06-18 12:35:14,070 [INFO] game: Start Pyxel frame procedure.
2026-06-18 12:35:15,505 [INFO] menu.menu_field: MenuItem(item_label='è£…å‚™å¤‰æ›´', menu_action=<bound method MenuField.equip_item of <menu.menu_field.MenuField object at 0x00000185E340F380>>, action_args=())
2026-06-18 12:35:15,505 [INFO] menu.menu_field: MenuItem(item_label='‘•”õ•ÏX', menu_action=<bound method MenuField.equip_item of <menu.menu_field.MenuField object at 0x00000185E340F380>>, action_args=())
2026-06-18 12:35:15,505 [INFO] menu.menu_field: é¸æŠãƒ¡ãƒ‹ãƒ¥ãƒ¼å®Ÿè¡Œï¼šè£…å‚™å¤‰æ›´
2026-06-18 12:35:15,505 [INFO] menu.menu_field: ‘I‘ğƒƒjƒ…[ÀsF‘•”õ•ÏX
2026-06-18 12:35:17,138 [INFO] menu.menu_equip: MenuItem(item_label='æ¶ˆè²»ï¼‘ï¼š ãªã—', menu_action=<bound method MenuSelectEquipSlot.equip_item of <menu.menu_equip.MenuSelectEquipSlot object at 0x00000185E340F620>>, action_args=(<EquipSlot.CONSUME_1: '4'>,))
2026-06-18 12:35:17,138 [INFO] menu.menu_equip: MenuItem(item_label='Á”ï‚PF ‚È‚µ', menu_action=<bound method MenuSelectEquipSlot.equip_item of <menu.menu_equip.MenuSelectEquipSlot object at 0x00000185E340F620>>, action_args=(<EquipSlot.CONSUME_1: '4'>,))
2026-06-18 12:35:17,139 [INFO] menu.menu_equip: é¸æŠãƒ¡ãƒ‹ãƒ¥ãƒ¼å®Ÿè¡Œï¼šæ¶ˆè²»ï¼‘ï¼š ãªã—
2026-06-18 12:35:17,139 [INFO] menu.menu_equip: ‘I‘ğƒƒjƒ…[ÀsFÁ”ï‚PF ‚È‚µ
2026-06-18 12:35:19,173 [INFO] menu.menu_equip: MenuItem(item_label='å›å¾©è–¬ x 5', menu_action=None, action_args=(<ItemID.HEALPOT: 4097>,))
2026-06-18 12:35:19,173 [INFO] menu.menu_equip: MenuItem(item_label='‰ñ•œ–ò x 5', menu_action=None, action_args=(<ItemID.HEALPOT: 4097>,))
2026-06-18 12:35:19,173 [DEBUG] entity.equipments: å‡¦ç†å‰å€‹æ•°ï¼š5
2026-06-18 12:35:19,173 [DEBUG] entity.equipments: ˆ—‘OŒÂ”F5
2026-06-18 12:35:19,173 [DEBUG] entity.equipments: å‡¦ç†å¾Œå€‹æ•°ï¼š4
2026-06-18 12:35:19,173 [DEBUG] entity.equipments: ˆ—ŒãŒÂ”F4
2026-06-18 12:35:22,405 [INFO] menu.menu_equip: MenuItem(item_label='æ¶ˆè²»ï¼‘ï¼š å›å¾©è–¬', menu_action=<bound method MenuSelectEquipSlot.equip_item of <menu.menu_equip.MenuSelectEquipSlot object at 0x00000185E340F620>>, action_args=(<EquipSlot.CONSUME_1: '4'>,))
2026-06-18 12:35:22,405 [INFO] menu.menu_equip: MenuItem(item_label='Á”ï‚PF ‰ñ•œ–ò', menu_action=<bound method MenuSelectEquipSlot.equip_item of <menu.menu_equip.MenuSelectEquipSlot object at 0x00000185E340F620>>, action_args=(<EquipSlot.CONSUME_1: '4'>,))
2026-06-18 12:35:22,405 [INFO] menu.menu_equip: é¸æŠãƒ¡ãƒ‹ãƒ¥ãƒ¼å®Ÿè¡Œï¼šæ¶ˆè²»ï¼‘ï¼š å›å¾©è–¬
2026-06-18 12:35:22,405 [INFO] menu.menu_equip: ‘I‘ğƒƒjƒ…[ÀsFÁ”ï‚PF ‰ñ•œ–ò
2026-06-18 12:35:24,371 [INFO] menu.menu_equip: MenuItem(item_label='è¶…å›å¾©è–¬ x 5', menu_action=None, action_args=(<ItemID.HIHEALPOT: 4113>,))
2026-06-18 12:35:24,371 [INFO] menu.menu_equip: MenuItem(item_label='’´‰ñ•œ–ò x 5', menu_action=None, action_args=(<ItemID.HIHEALPOT: 4113>,))
2026-06-18 12:35:24,371 [DEBUG] entity.equipments: å‡¦ç†å‰å€‹æ•°ï¼š4
2026-06-18 12:35:24,371 [DEBUG] entity.equipments: ˆ—‘OŒÂ”F4
2026-06-18 12:35:24,371 [DEBUG] entity.equipments: å‡¦ç†å¾Œå€‹æ•°ï¼š5
2026-06-18 12:35:24,371 [DEBUG] entity.equipments: ˆ—ŒãŒÂ”F5
2026-06-18 12:35:24,371 [DEBUG] entity.equipments: å‡¦ç†å‰å€‹æ•°ï¼š5
2026-06-18 12:35:24,371 [DEBUG] entity.equipments: ˆ—‘OŒÂ”F5
2026-06-18 12:35:24,372 [DEBUG] entity.equipments: å‡¦ç†å¾Œå€‹æ•°ï¼š4
2026-06-18 12:35:24,372 [DEBUG] entity.equipments: ˆ—ŒãŒÂ”F4
2026-06-18 12:35:24,372 [DEBUG] entity.equipments: å‡¦ç†å‰å€‹æ•°ï¼š5
2026-06-18 12:35:24,372 [DEBUG] entity.equipments: ˆ—‘OŒÂ”F5
2026-06-18 12:35:24,372 [DEBUG] entity.equipments: å‡¦ç†å¾Œå€‹æ•°ï¼š6
2026-06-18 12:35:24,372 [DEBUG] entity.equipments: ˆ—ŒãŒÂ”F6
2026-06-18 12:37:57,846 [INFO] bootstrap: log setup finished successfully.
2026-06-18 12:37:57,846 [INFO] bootstrap: log setup finished successfully.
2026-06-18 12:37:57,846 [INFO] bootstrap: Initialize - gameutils.base
2026-06-18 12:37:57,846 [INFO] bootstrap: Initialize - gameutils.base
2026-06-18 12:37:57,874 [INFO] bootstrap: Initialize - AssetMap
2026-06-18 12:37:57,874 [INFO] bootstrap: Initialize - AssetMap
2026-06-18 12:37:57,875 [INFO] bootstrap: Initialize - SceneManager
2026-06-18 12:37:57,875 [INFO] bootstrap: Initialize - SceneManager
2026-06-18 12:37:57,876 [INFO] service_locater: ã‚µãƒ¼ãƒ“ã‚¹ç™»éŒ²:('SCENE_MANAGER', <class 'scene.scene_manager.SceneManager'>)
2026-06-18 12:37:57,876 [INFO] service_locater: ƒT[ƒrƒX“o˜^:('SCENE_MANAGER', <class 'scene.scene_manager.SceneManager'>)
2026-06-18 12:37:57,876 [INFO] bootstrap: Initialize - FieldMap
2026-06-18 12:37:57,876 [INFO] bootstrap: Initialize - FieldMap
2026-06-18 12:37:57,919 [INFO] service_locater: ã‚µãƒ¼ãƒ“ã‚¹ç™»éŒ²:('MAPGRAPH', <class 'field_map.MapGraph'>)
2026-06-18 12:37:57,919 [INFO] service_locater: ƒT[ƒrƒX“o˜^:('MAPGRAPH', <class 'field_map.MapGraph'>)
2026-06-18 12:37:57,920 [INFO] bootstrap: Initialize - Party
2026-06-18 12:37:57,920 [INFO] bootstrap: Initialize - Party
2026-06-18 12:37:57,920 [INFO] service_locater: ã‚µãƒ¼ãƒ“ã‚¹ç™»éŒ²:('HERO', <class 'entity.character.Character'>)
2026-06-18 12:37:57,920 [INFO] service_locater: ƒT[ƒrƒX“o˜^:('HERO', <class 'entity.character.Character'>)
2026-06-18 12:37:57,921 [INFO] service_locater: ã‚µãƒ¼ãƒ“ã‚¹ç™»éŒ²:('MEMBER1', <class 'entity.character.Character'>)
2026-06-18 12:37:57,921 [INFO] service_locater: ƒT[ƒrƒX“o˜^:('MEMBER1', <class 'entity.character.Character'>)
2026-06-18 12:37:57,921 [INFO] service_locater: ã‚µãƒ¼ãƒ“ã‚¹ç™»éŒ²:('MEMBER2', <class 'entity.character.Character'>)
2026-06-18 12:37:57,921 [INFO] service_locater: ƒT[ƒrƒX“o˜^:('MEMBER2', <class 'entity.character.Character'>)
2026-06-18 12:37:57,922 [INFO] service_locater: ã‚µãƒ¼ãƒ“ã‚¹ç™»éŒ²:('PARTY', <class 'entity.party.Party'>)
2026-06-18 12:37:57,922 [INFO] service_locater: ƒT[ƒrƒX“o˜^:('PARTY', <class 'entity.party.Party'>)
2026-06-18 12:37:57,922 [INFO] bootstrap: Initialize - Item MasterData
2026-06-18 12:37:57,922 [INFO] bootstrap: Initialize - Item MasterData
2026-06-18 12:37:57,922 [INFO] service_locater: ã‚µãƒ¼ãƒ“ã‚¹ç™»éŒ²:('ITEM_MANAGER', <class 'item.item_manager.ItemManager'>)
2026-06-18 12:37:57,922 [INFO] service_locater: ƒT[ƒrƒX“o˜^:('ITEM_MANAGER', <class 'item.item_manager.ItemManager'>)
2026-06-18 12:37:57,923 [INFO] service_locater: ã‚µãƒ¼ãƒ“ã‚¹ç™»éŒ²:('ITEMPOOL', <class 'item.item_pool.ItemPool'>)
2026-06-18 12:37:57,923 [INFO] service_locater: ƒT[ƒrƒX“o˜^:('ITEMPOOL', <class 'item.item_pool.ItemPool'>)
2026-06-18 12:37:57,923 [INFO] service_locater: ã‚µãƒ¼ãƒ“ã‚¹ç™»éŒ²:('STACKPOOL', <class 'item.item_pool.StackPool'>)
2026-06-18 12:37:57,923 [INFO] service_locater: ƒT[ƒrƒX“o˜^:('STACKPOOL', <class 'item.item_pool.StackPool'>)
2026-06-18 12:37:57,924 [INFO] __main__: launch the game application.
2026-06-18 12:37:57,924 [INFO] __main__: launch the game application.
2026-06-18 12:37:57,924 [INFO] game: Initialize - Pyxel
2026-06-18 12:37:57,924 [INFO] game: Initialize - Pyxel
2026-06-18 12:37:58,414 [INFO] game: Start Pyxel frame procedure.
2026-06-18 12:37:58,414 [INFO] game: Start Pyxel frame procedure.
2026-06-18 12:37:59,749 [INFO] menu.menu_field: MenuItem(item_label='è£…å‚™å¤‰æ›´', menu_action=<bound method MenuField.equip_item of <menu.menu_field.MenuField object at 0x00000142BC653380>>, action_args=())
2026-06-18 12:37:59,749 [INFO] menu.menu_field: MenuItem(item_label='‘•”õ•ÏX', menu_action=<bound method MenuField.equip_item of <menu.menu_field.MenuField object at 0x00000142BC653380>>, action_args=())
2026-06-18 12:37:59,750 [INFO] menu.menu_field: é¸æŠãƒ¡ãƒ‹ãƒ¥ãƒ¼å®Ÿè¡Œï¼šè£…å‚™å¤‰æ›´
2026-06-18 12:37:59,750 [INFO] menu.menu_field: ‘I‘ğƒƒjƒ…[ÀsF‘•”õ•ÏX
2026-06-18 12:38:01,615 [INFO] menu.menu_equip: MenuItem(item_label='æ¶ˆè²»ï¼‘ï¼š ãªã—', menu_action=<bound method MenuSelectEquipSlot.equip_item of <menu.menu_equip.MenuSelectEquipSlot object at 0x00000142BC653620>>, action_args=(<EquipSlot.CONSUME_1: '4'>,))
2026-06-18 12:38:01,615 [INFO] menu.menu_equip: MenuItem(item_label='Á”ï‚PF ‚È‚µ', menu_action=<bound method MenuSelectEquipSlot.equip_item of <menu.menu_equip.MenuSelectEquipSlot object at 0x00000142BC653620>>, action_args=(<EquipSlot.CONSUME_1: '4'>,))
2026-06-18 12:38:01,616 [INFO] menu.menu_equip: é¸æŠãƒ¡ãƒ‹ãƒ¥ãƒ¼å®Ÿè¡Œï¼šæ¶ˆè²»ï¼‘ï¼š ãªã—
2026-06-18 12:38:01,616 [INFO] menu.menu_equip: ‘I‘ğƒƒjƒ…[ÀsFÁ”ï‚PF ‚È‚µ
2026-06-18 12:38:02,515 [INFO] menu.menu_equip: MenuItem(item_label='å›å¾©è–¬ x 5', menu_action=None, action_args=(<ItemID.HEALPOT: 4097>,))
2026-06-18 12:38:02,515 [INFO] menu.menu_equip: MenuItem(item_label='‰ñ•œ–ò x 5', menu_action=None, action_args=(<ItemID.HEALPOT: 4097>,))
2026-06-18 12:38:02,515 [DEBUG] entity.equipments: å‡¦ç†å‰å€‹æ•°ï¼š5
2026-06-18 12:38:02,515 [DEBUG] entity.equipments: ˆ—‘OŒÂ”F5
2026-06-18 12:38:02,515 [DEBUG] entity.equipments: å‡¦ç†å¾Œå€‹æ•°ï¼š4
2026-06-18 12:38:02,515 [DEBUG] entity.equipments: ˆ—ŒãŒÂ”F4
2026-06-18 12:38:04,317 [INFO] menu.menu_equip: MenuItem(item_label='æ¶ˆè²»ï¼‘ï¼š å›å¾©è–¬', menu_action=<bound method MenuSelectEquipSlot.equip_item of <menu.menu_equip.MenuSelectEquipSlot object at 0x00000142BC653620>>, action_args=(<EquipSlot.CONSUME_1: '4'>,))
2026-06-18 12:38:04,317 [INFO] menu.menu_equip: MenuItem(item_label='Á”ï‚PF ‰ñ•œ–ò', menu_action=<bound method MenuSelectEquipSlot.equip_item of <menu.menu_equip.MenuSelectEquipSlot object at 0x00000142BC653620>>, action_args=(<EquipSlot.CONSUME_1: '4'>,))
2026-06-18 12:38:04,318 [INFO] menu.menu_equip: é¸æŠãƒ¡ãƒ‹ãƒ¥ãƒ¼å®Ÿè¡Œï¼šæ¶ˆè²»ï¼‘ï¼š å›å¾©è–¬
2026-06-18 12:38:04,318 [INFO] menu.menu_equip: ‘I‘ğƒƒjƒ…[ÀsFÁ”ï‚PF ‰ñ•œ–ò
2026-06-18 12:38:05,449 [INFO] menu.menu_equip: MenuItem(item_label='è¶…å›å¾©è–¬ x 5', menu_action=None, action_args=(<ItemID.HIHEALPOT: 4113>,))
2026-06-18 12:38:05,449 [INFO] menu.menu_equip: MenuItem(item_label='’´‰ñ•œ–ò x 5', menu_action=None, action_args=(<ItemID.HIHEALPOT: 4113>,))
2026-06-18 12:38:05,449 [DEBUG] entity.equipments: å‡¦ç†å‰å€‹æ•°ï¼š5
2026-06-18 12:38:05,449 [DEBUG] entity.equipments: ˆ—‘OŒÂ”F5
2026-06-18 12:38:05,449 [DEBUG] entity.equipments: å‡¦ç†å¾Œå€‹æ•°ï¼š4
2026-06-18 12:38:05,449 [DEBUG] entity.equipments: ˆ—ŒãŒÂ”F4
2026-06-18 12:38:05,449 [DEBUG] entity.equipments: å‡¦ç†å‰å€‹æ•°ï¼š4
2026-06-18 12:38:05,449 [DEBUG] entity.equipments: ˆ—‘OŒÂ”F4
2026-06-18 12:38:05,450 [DEBUG] entity.equipments: å‡¦ç†å¾Œå€‹æ•°ï¼š5
2026-06-18 12:38:05,450 [DEBUG] entity.equipments: ˆ—ŒãŒÂ”F5
2026-06-18 12:38:07,349 [INFO] menu.menu_equip: MenuItem(item_label='æ¶ˆè²»ï¼‘ï¼š è¶…å›å¾©è–¬', menu_action=<bound method MenuSelectEquipSlot.equip_item of <menu.menu_equip.MenuSelectEquipSlot object at 0x00000142BC653620>>, action_args=(<EquipSlot.CONSUME_1: '4'>,))
2026-06-18 12:38:07,349 [INFO] menu.menu_equip: MenuItem(item_label='Á”ï‚PF ’´‰ñ•œ–ò', menu_action=<bound method MenuSelectEquipSlot.equip_item of <menu.menu_equip.MenuSelectEquipSlot object at 0x00000142BC653620>>, action_args=(<EquipSlot.CONSUME_1: '4'>,))
2026-06-18 12:38:07,350 [INFO] menu.menu_equip: é¸æŠãƒ¡ãƒ‹ãƒ¥ãƒ¼å®Ÿè¡Œï¼šæ¶ˆè²»ï¼‘ï¼š è¶…å›å¾©è–¬
2026-06-18 12:38:07,350 [INFO] menu.menu_equip: ‘I‘ğƒƒjƒ…[ÀsFÁ”ï‚PF ’´‰ñ•œ–ò
2026-06-18 12:38:08,349 [INFO] menu.menu_equip: MenuItem(item_label='å›å¾©è–¬ x 5', menu_action=None, action_args=(<ItemID.HEALPOT: 4097>,))
2026-06-18 12:38:08,349 [INFO] menu.menu_equip: MenuItem(item_label='‰ñ•œ–ò x 5', menu_action=None, action_args=(<ItemID.HEALPOT: 4097>,))
2026-06-18 12:38:08,349 [DEBUG] entity.equipments: å‡¦ç†å‰å€‹æ•°ï¼š5
2026-06-18 12:38:08,349 [DEBUG] entity.equipments: ˆ—‘OŒÂ”F5
2026-06-18 12:38:08,349 [DEBUG] entity.equipments: å‡¦ç†å¾Œå€‹æ•°ï¼š4
2026-06-18 12:38:08,349 [DEBUG] entity.equipments: ˆ—ŒãŒÂ”F4
2026-06-18 12:38:08,349 [DEBUG] entity.equipments: å‡¦ç†å‰å€‹æ•°ï¼š4
2026-06-18 12:38:08,349 [DEBUG] entity.equipments: ˆ—‘OŒÂ”F4
2026-06-18 12:38:08,349 [DEBUG] entity.equipments: å‡¦ç†å¾Œå€‹æ•°ï¼š5
2026-06-18 12:38:08,349 [DEBUG] entity.equipments: ˆ—ŒãŒÂ”F5
2026-06-18 12:38:08,983 [INFO] menu.menu_equip: MenuItem(item_label='æ¶ˆè²»ï¼‘ï¼š å›å¾©è–¬', menu_action=<bound method MenuSelectEquipSlot.equip_item of <menu.menu_equip.MenuSelectEquipSlot object at 0x00000142BC653620>>, action_args=(<EquipSlot.CONSUME_1: '4'>,))
2026-06-18 12:38:08,983 [INFO] menu.menu_equip: MenuItem(item_label='Á”ï‚PF ‰ñ•œ–ò', menu_action=<bound method MenuSelectEquipSlot.equip_item of <menu.menu_equip.MenuSelectEquipSlot object at 0x00000142BC653620>>, action_args=(<EquipSlot.CONSUME_1: '4'>,))
2026-06-18 12:38:08,983 [INFO] menu.menu_equip: é¸æŠãƒ¡ãƒ‹ãƒ¥ãƒ¼å®Ÿè¡Œï¼šæ¶ˆè²»ï¼‘ï¼š å›å¾©è–¬
2026-06-18 12:38:08,983 [INFO] menu.menu_equip: ‘I‘ğƒƒjƒ…[ÀsFÁ”ï‚PF ‰ñ•œ–ò
2026-06-18 12:38:10,816 [INFO] menu.menu_equip: MenuItem(item_label='è¶…é­”åŠ›è–¬ x 5', menu_action=None, action_args=(<ItemID.HIMAGICPOT: 4114>,))
2026-06-18 12:38:10,816 [INFO] menu.menu_equip: MenuItem(item_label='’´–‚—Í–ò x 5', menu_action=None, action_args=(<ItemID.HIMAGICPOT: 4114>,))
2026-06-18 12:38:10,817 [DEBUG] entity.equipments: å‡¦ç†å‰å€‹æ•°ï¼š5
2026-06-18 12:38:10,817 [DEBUG] entity.equipments: ˆ—‘OŒÂ”F5
2026-06-18 12:38:10,817 [DEBUG] entity.equipments: å‡¦ç†å¾Œå€‹æ•°ï¼š4
2026-06-18 12:38:10,817 [DEBUG] entity.equipments: ˆ—ŒãŒÂ”F4
2026-06-18 12:38:10,817 [DEBUG] entity.equipments: å‡¦ç†å‰å€‹æ•°ï¼š4
2026-06-18 12:38:10,817 [DEBUG] entity.equipments: ˆ—‘OŒÂ”F4
2026-06-18 12:38:10,817 [DEBUG] entity.equipments: å‡¦ç†å¾Œå€‹æ•°ï¼š5
2026-06-18 12:38:10,817 [DEBUG] entity.equipments: ˆ—ŒãŒÂ”F5
2026-06-18 12:38:11,482 [INFO] menu.menu_equip: MenuItem(item_label='æ¶ˆè²»ï¼‘ï¼š è¶…é­”åŠ›è–¬', menu_action=<bound method MenuSelectEquipSlot.equip_item of <menu.menu_equip.MenuSelectEquipSlot object at 0x00000142BC653620>>, action_args=(<EquipSlot.CONSUME_1: '4'>,))
2026-06-18 12:38:11,482 [INFO] menu.menu_equip: MenuItem(item_label='Á”ï‚PF ’´–‚—Í–ò', menu_action=<bound method MenuSelectEquipSlot.equip_item of <menu.menu_equip.MenuSelectEquipSlot object at 0x00000142BC653620>>, action_args=(<EquipSlot.CONSUME_1: '4'>,))
2026-06-18 12:38:11,482 [INFO] menu.menu_equip: é¸æŠãƒ¡ãƒ‹ãƒ¥ãƒ¼å®Ÿè¡Œï¼šæ¶ˆè²»ï¼‘ï¼š è¶…é­”åŠ›è–¬
2026-06-18 12:38:11,482 [INFO] menu.menu_equip: ‘I‘ğƒƒjƒ…[ÀsFÁ”ï‚PF ’´–‚—Í–ò
2026-06-18 12:38:13,816 [INFO] menu.menu_equip: MenuItem(item_label='è¶…é­”åŠ›è–¬ x 4', menu_action=None, action_args=(<ItemID.HIMAGICPOT: 4114>,))
2026-06-18 12:38:13,816 [INFO] menu.menu_equip: MenuItem(item_label='’´–‚—Í–ò x 4', menu_action=None, action_args=(<ItemID.HIMAGICPOT: 4114>,))
2026-06-18 12:38:13,817 [DEBUG] entity.equipments: å‡¦ç†å‰å€‹æ•°ï¼š4
2026-06-18 12:38:13,817 [DEBUG] entity.equipments: ˆ—‘OŒÂ”F4
2026-06-18 12:38:13,817 [DEBUG] entity.equipments: å‡¦ç†å¾Œå€‹æ•°ï¼š3
2026-06-18 12:38:13,817 [DEBUG] entity.equipments: ˆ—ŒãŒÂ”F3
2026-06-18 12:38:13,817 [DEBUG] entity.equipments: å‡¦ç†å‰å€‹æ•°ï¼š3
2026-06-18 12:38:13,817 [DEBUG] entity.equipments: ˆ—‘OŒÂ”F3
2026-06-18 12:38:13,817 [DEBUG] entity.equipments: å‡¦ç†å¾Œå€‹æ•°ï¼š4
2026-06-18 12:38:13,817 [DEBUG] entity.equipments: ˆ—ŒãŒÂ”F4
2026-06-18 12:38:14,515 [INFO] menu.menu_equip: MenuItem(item_label='æ¶ˆè²»ï¼‘ï¼š è¶…é­”åŠ›è–¬', menu_action=<bound method MenuSelectEquipSlot.equip_item of <menu.menu_equip.MenuSelectEquipSlot object at 0x00000142BC653620>>, action_args=(<EquipSlot.CONSUME_1: '4'>,))
2026-06-18 12:38:14,515 [INFO] menu.menu_equip: MenuItem(item_label='Á”ï‚PF ’´–‚—Í–ò', menu_action=<bound method MenuSelectEquipSlot.equip_item of <menu.menu_equip.MenuSelectEquipSlot object at 0x00000142BC653620>>, action_args=(<EquipSlot.CONSUME_1: '4'>,))
2026-06-18 12:38:14,515 [INFO] menu.menu_equip: é¸æŠãƒ¡ãƒ‹ãƒ¥ãƒ¼å®Ÿè¡Œï¼šæ¶ˆè²»ï¼‘ï¼š è¶…é­”åŠ›è–¬
2026-06-18 12:38:14,515 [INFO] menu.menu_equip: ‘I‘ğƒƒjƒ…[ÀsFÁ”ï‚PF ’´–‚—Í–ò
2026-06-18 12:38:16,682 [INFO] menu.menu_equip: MenuItem(item_label='ãŸã„ã¾ã¤ x 5', menu_action=None, action_args=(<ItemID.TORCH: 4099>,))
2026-06-18 12:38:16,682 [INFO] menu.menu_equip: MenuItem(item_label='‚½‚¢‚Ü‚Â x 5', menu_action=None, action_args=(<ItemID.TORCH: 4099>,))
2026-06-18 12:38:16,682 [DEBUG] entity.equipments: å‡¦ç†å‰å€‹æ•°ï¼š5
2026-06-18 12:38:16,682 [DEBUG] entity.equipments: ˆ—‘OŒÂ”F5
2026-06-18 12:38:16,682 [DEBUG] entity.equipments: å‡¦ç†å¾Œå€‹æ•°ï¼š4
2026-06-18 12:38:16,682 [DEBUG] entity.equipments: ˆ—ŒãŒÂ”F4
2026-06-18 12:38:16,682 [DEBUG] entity.equipments: å‡¦ç†å‰å€‹æ•°ï¼š4
2026-06-18 12:38:16,682 [DEBUG] entity.equipments: ˆ—‘OŒÂ”F4
2026-06-18 12:38:16,682 [DEBUG] entity.equipments: å‡¦ç†å¾Œå€‹æ•°ï¼š5
2026-06-18 12:38:16,682 [DEBUG] entity.equipments: ˆ—ŒãŒÂ”F5
2026-06-18 12:38:17,182 [INFO] menu.menu_equip: MenuItem(item_label='æ¶ˆè²»ï¼‘ï¼š ãŸã„ã¾ã¤', menu_action=<bound method MenuSelectEquipSlot.equip_item of <menu.menu_equip.MenuSelectEquipSlot object at 0x00000142BC653620>>, action_args=(<EquipSlot.CONSUME_1: '4'>,))
2026-06-18 12:38:17,182 [INFO] menu.menu_equip: MenuItem(item_label='Á”ï‚PF ‚½‚¢‚Ü‚Â', menu_action=<bound method MenuSelectEquipSlot.equip_item of <menu.menu_equip.MenuSelectEquipSlot object at 0x00000142BC653620>>, action_args=(<EquipSlot.CONSUME_1: '4'>,))
2026-06-18 12:38:17,182 [INFO] menu.menu_equip: é¸æŠãƒ¡ãƒ‹ãƒ¥ãƒ¼å®Ÿè¡Œï¼šæ¶ˆè²»ï¼‘ï¼š ãŸã„ã¾ã¤
2026-06-18 12:38:17,182 [INFO] menu.menu_equip: ‘I‘ğƒƒjƒ…[ÀsFÁ”ï‚PF ‚½‚¢‚Ü‚Â
2026-06-18 13:39:33,717 [INFO] bootstrap: log setup finished successfully.
2026-06-18 13:39:33,717 [INFO] bootstrap: log setup finished successfully.
2026-06-18 13:39:33,717 [INFO] bootstrap: Initialize - gameutils.base
2026-06-18 13:39:33,717 [INFO] bootstrap: Initialize - gameutils.base
2026-06-18 13:39:33,744 [INFO] bootstrap: Initialize - AssetMap
2026-06-18 13:39:33,744 [INFO] bootstrap: Initialize - AssetMap
2026-06-18 13:39:33,745 [INFO] bootstrap: Initialize - SceneManager
2026-06-18 13:39:33,745 [INFO] bootstrap: Initialize - SceneManager
2026-06-18 13:39:33,745 [INFO] service_locater: ã‚µãƒ¼ãƒ“ã‚¹ç™»éŒ²:('SCENE_MANAGER', <class 'scene.scene_manager.SceneManager'>)
2026-06-18 13:39:33,745 [INFO] service_locater: ƒT[ƒrƒX“o˜^:('SCENE_MANAGER', <class 'scene.scene_manager.SceneManager'>)
2026-06-18 13:39:33,745 [INFO] bootstrap: Initialize - FieldMap
2026-06-18 13:39:33,745 [INFO] bootstrap: Initialize - FieldMap
2026-06-18 13:39:33,789 [INFO] service_locater: ã‚µãƒ¼ãƒ“ã‚¹ç™»éŒ²:('MAPGRAPH', <class 'field_map.MapGraph'>)
2026-06-18 13:39:33,789 [INFO] service_locater: ƒT[ƒrƒX“o˜^:('MAPGRAPH', <class 'field_map.MapGraph'>)
2026-06-18 13:39:33,790 [INFO] bootstrap: Initialize - Party
2026-06-18 13:39:33,790 [INFO] bootstrap: Initialize - Party
2026-06-18 13:39:33,790 [INFO] service_locater: ã‚µãƒ¼ãƒ“ã‚¹ç™»éŒ²:('HERO', <class 'entity.character.Character'>)
2026-06-18 13:39:33,790 [INFO] service_locater: ƒT[ƒrƒX“o˜^:('HERO', <class 'entity.character.Character'>)
2026-06-18 13:39:33,791 [INFO] service_locater: ã‚µãƒ¼ãƒ“ã‚¹ç™»éŒ²:('MEMBER1', <class 'entity.character.Character'>)
2026-06-18 13:39:33,791 [INFO] service_locater: ƒT[ƒrƒX“o˜^:('MEMBER1', <class 'entity.character.Character'>)
2026-06-18 13:39:33,791 [INFO] service_locater: ã‚µãƒ¼ãƒ“ã‚¹ç™»éŒ²:('MEMBER2', <class 'entity.character.Character'>)
2026-06-18 13:39:33,791 [INFO] service_locater: ƒT[ƒrƒX“o˜^:('MEMBER2', <class 'entity.character.Character'>)
2026-06-18 13:39:33,792 [INFO] service_locater: ã‚µãƒ¼ãƒ“ã‚¹ç™»éŒ²:('PARTY', <class 'entity.party.Party'>)
2026-06-18 13:39:33,792 [INFO] service_locater: ƒT[ƒrƒX“o˜^:('PARTY', <class 'entity.party.Party'>)
2026-06-18 13:39:33,792 [INFO] bootstrap: Initialize - Item MasterData
2026-06-18 13:39:33,792 [INFO] bootstrap: Initialize - Item MasterData
2026-06-18 13:39:33,792 [INFO] service_locater: ã‚µãƒ¼ãƒ“ã‚¹ç™»éŒ²:('ITEM_MANAGER', <class 'item.item_manager.ItemManager'>)
2026-06-18 13:39:33,792 [INFO] service_locater: ƒT[ƒrƒX“o˜^:('ITEM_MANAGER', <class 'item.item_manager.ItemManager'>)
2026-06-18 13:39:33,793 [INFO] service_locater: ã‚µãƒ¼ãƒ“ã‚¹ç™»éŒ²:('ITEMPOOL', <class 'item.item_pool.ItemPool'>)
2026-06-18 13:39:33,793 [INFO] service_locater: ƒT[ƒrƒX“o˜^:('ITEMPOOL', <class 'item.item_pool.ItemPool'>)
2026-06-18 13:39:33,793 [INFO] service_locater: ã‚µãƒ¼ãƒ“ã‚¹ç™»éŒ²:('STACKPOOL', <class 'item.item_pool.StackPool'>)
2026-06-18 13:39:33,793 [INFO] service_locater: ƒT[ƒrƒX“o˜^:('STACKPOOL', <class 'item.item_pool.StackPool'>)
2026-06-18 13:39:33,794 [INFO] __main__: launch the game application.
2026-06-18 13:39:33,794 [INFO] __main__: launch the game application.
2026-06-18 13:39:33,794 [INFO] game: Initialize - Pyxel
2026-06-18 13:39:33,794 [INFO] game: Initialize - Pyxel
2026-06-18 13:39:34,294 [INFO] game: Start Pyxel frame procedure.
2026-06-18 13:39:34,294 [INFO] game: Start Pyxel frame procedure.
2026-06-18 13:39:37,195 [INFO] menu.menu_field: MenuItem(item_label='è£…å‚™å¤‰æ›´', menu_action=<bound method MenuField.equip_item of <menu.menu_field.MenuField object at 0x000001D6F868F380>>, action_args=())
2026-06-18 13:39:37,195 [INFO] menu.menu_field: MenuItem(item_label='‘•”õ•ÏX', menu_action=<bound method MenuField.equip_item of <menu.menu_field.MenuField object at 0x000001D6F868F380>>, action_args=())
2026-06-18 13:39:37,196 [INFO] menu.menu_field: é¸æŠãƒ¡ãƒ‹ãƒ¥ãƒ¼å®Ÿè¡Œï¼šè£…å‚™å¤‰æ›´
2026-06-18 13:39:37,196 [INFO] menu.menu_field: ‘I‘ğƒƒjƒ…[ÀsF‘•”õ•ÏX
2026-06-18 13:39:39,430 [INFO] menu.menu_equip: MenuItem(item_label='æ­¦\u3000å™¨ï¼š ãªã—', menu_action=<bound method MenuSelectEquipSlot.equip_item of <menu.menu_equip.MenuSelectEquipSlot object at 0x000001D6F868F620>>, action_args=(<EquipSlot.WEAPON: '0'>,))
2026-06-18 13:39:39,430 [INFO] menu.menu_equip: MenuItem(item_label='•\u3000ŠíF ‚È‚µ', menu_action=<bound method MenuSelectEquipSlot.equip_item of <menu.menu_equip.MenuSelectEquipSlot object at 0x000001D6F868F620>>, action_args=(<EquipSlot.WEAPON: '0'>,))
2026-06-18 13:39:39,430 [INFO] menu.menu_equip: é¸æŠãƒ¡ãƒ‹ãƒ¥ãƒ¼å®Ÿè¡Œï¼šæ­¦ã€€å™¨ï¼š ãªã—
2026-06-18 13:39:39,430 [INFO] menu.menu_equip: ‘I‘ğƒƒjƒ…[ÀsF•@ŠíF ‚È‚µ
2026-06-18 13:39:40,097 [INFO] menu.menu_equip: MenuItem(item_label='ãƒ€ã‚¬ãƒ¼', menu_action=None, action_args=(<ItemID.DAGGER: 17>, 50))
2026-06-18 13:39:40,097 [INFO] menu.menu_equip: MenuItem(item_label='ƒ_ƒK[', menu_action=None, action_args=(<ItemID.DAGGER: 17>, 50))
2026-06-18 13:39:41,097 [INFO] menu.menu_equip: MenuItem(item_label='é˜²\u3000å…·ï¼š ãªã—', menu_action=<bound method MenuSelectEquipSlot.equip_item of <menu.menu_equip.MenuSelectEquipSlot object at 0x000001D6F868F620>>, action_args=(<EquipSlot.GUARDER: '1'>,))
2026-06-18 13:39:41,097 [INFO] menu.menu_equip: MenuItem(item_label='–h\u3000‹ïF ‚È‚µ', menu_action=<bound method MenuSelectEquipSlot.equip_item of <menu.menu_equip.MenuSelectEquipSlot object at 0x000001D6F868F620>>, action_args=(<EquipSlot.GUARDER: '1'>,))
2026-06-18 13:39:41,098 [INFO] menu.menu_equip: é¸æŠãƒ¡ãƒ‹ãƒ¥ãƒ¼å®Ÿè¡Œï¼šé˜²ã€€å…·ï¼š ãªã—
2026-06-18 13:39:41,098 [INFO] menu.menu_equip: ‘I‘ğƒƒjƒ…[ÀsF–h@‹ïF ‚È‚µ
2026-06-18 13:39:41,795 [INFO] menu.menu_equip: MenuItem(item_label='å¸ƒã®æœ', menu_action=None, action_args=(<ItemID.CLOTH: 1793>, 131))
2026-06-18 13:39:41,795 [INFO] menu.menu_equip: MenuItem(item_label='•z‚Ì•', menu_action=None, action_args=(<ItemID.CLOTH: 1793>, 131))
2026-06-18 13:39:42,862 [INFO] menu.menu_equip: MenuItem(item_label='è£…é£¾ï¼‘ï¼š ãªã—', menu_action=<bound method MenuSelectEquipSlot.equip_item of <menu.menu_equip.MenuSelectEquipSlot object at 0x000001D6F868F620>>, action_args=(<EquipSlot.ACCESSORY_1: '2'>,))
2026-06-18 13:39:42,862 [INFO] menu.menu_equip: MenuItem(item_label='‘•ü‚PF ‚È‚µ', menu_action=<bound method MenuSelectEquipSlot.equip_item of <menu.menu_equip.MenuSelectEquipSlot object at 0x000001D6F868F620>>, action_args=(<EquipSlot.ACCESSORY_1: '2'>,))
2026-06-18 13:39:42,862 [INFO] menu.menu_equip: é¸æŠãƒ¡ãƒ‹ãƒ¥ãƒ¼å®Ÿè¡Œï¼šè£…é£¾ï¼‘ï¼š ãªã—
2026-06-18 13:39:42,862 [INFO] menu.menu_equip: ‘I‘ğƒƒjƒ…[ÀsF‘•ü‚PF ‚È‚µ
2026-06-18 13:39:43,994 [INFO] menu.menu_equip: MenuItem(item_label='è»½æ¥­ã®ãƒªãƒ³ã‚°', menu_action=None, action_args=(<ItemID.SPDRING: 2818>, 174))
2026-06-18 13:39:43,994 [INFO] menu.menu_equip: MenuItem(item_label='Œy‹Æ‚ÌƒŠƒ“ƒO', menu_action=None, action_args=(<ItemID.SPDRING: 2818>, 174))
2026-06-18 13:39:44,629 [INFO] menu.menu_equip: MenuItem(item_label='è£…é£¾ï¼’ï¼š ãªã—', menu_action=<bound method MenuSelectEquipSlot.equip_item of <menu.menu_equip.MenuSelectEquipSlot object at 0x000001D6F868F620>>, action_args=(<EquipSlot.ACCESSORY_2: '3'>,))
2026-06-18 13:39:44,629 [INFO] menu.menu_equip: MenuItem(item_label='‘•ü‚QF ‚È‚µ', menu_action=<bound method MenuSelectEquipSlot.equip_item of <menu.menu_equip.MenuSelectEquipSlot object at 0x000001D6F868F620>>, action_args=(<EquipSlot.ACCESSORY_2: '3'>,))
2026-06-18 13:39:44,629 [INFO] menu.menu_equip: é¸æŠãƒ¡ãƒ‹ãƒ¥ãƒ¼å®Ÿè¡Œï¼šè£…é£¾ï¼’ï¼š ãªã—
2026-06-18 13:39:44,629 [INFO] menu.menu_equip: ‘I‘ğƒƒjƒ…[ÀsF‘•ü‚QF ‚È‚µ
2026-06-18 13:39:46,094 [INFO] menu.menu_equip: MenuItem(item_label='è¶…é€Ÿã‚¢ãƒŸãƒ¥ãƒ¬ãƒƒãƒˆ', menu_action=None, action_args=(<ItemID.HISPDAMULET: 2843>, 277))
2026-06-18 13:39:46,094 [INFO] menu.menu_equip: MenuItem(item_label='’´‘¬ƒAƒ~ƒ…ƒŒƒbƒg', menu_action=None, action_args=(<ItemID.HISPDAMULET: 2843>, 277))
2026-06-18 13:39:46,929 [INFO] menu.menu_equip: MenuItem(item_label='æ¶ˆè²»ï¼‘ï¼š ãªã—', menu_action=<bound method MenuSelectEquipSlot.equip_item of <menu.menu_equip.MenuSelectEquipSlot object at 0x000001D6F868F620>>, action_args=(<EquipSlot.CONSUME_1: '4'>,))
2026-06-18 13:39:46,929 [INFO] menu.menu_equip: MenuItem(item_label='Á”ï‚PF ‚È‚µ', menu_action=<bound method MenuSelectEquipSlot.equip_item of <menu.menu_equip.MenuSelectEquipSlot object at 0x000001D6F868F620>>, action_args=(<EquipSlot.CONSUME_1: '4'>,))
2026-06-18 13:39:46,929 [INFO] menu.menu_equip: é¸æŠãƒ¡ãƒ‹ãƒ¥ãƒ¼å®Ÿè¡Œï¼šæ¶ˆè²»ï¼‘ï¼š ãªã—
2026-06-18 13:39:46,929 [INFO] menu.menu_equip: ‘I‘ğƒƒjƒ…[ÀsFÁ”ï‚PF ‚È‚µ
2026-06-18 13:39:47,595 [INFO] menu.menu_equip: MenuItem(item_label='å›å¾©è–¬ x 5', menu_action=None, action_args=(<ItemID.HEALPOT: 4097>,))
2026-06-18 13:39:47,595 [INFO] menu.menu_equip: MenuItem(item_label='‰ñ•œ–ò x 5', menu_action=None, action_args=(<ItemID.HEALPOT: 4097>,))
2026-06-18 13:39:47,595 [DEBUG] entity.equipments: å‡¦ç†å‰å€‹æ•°ï¼š5
2026-06-18 13:39:47,595 [DEBUG] entity.equipments: ˆ—‘OŒÂ”F5
2026-06-18 13:39:47,596 [DEBUG] entity.equipments: å‡¦ç†å¾Œå€‹æ•°ï¼š4
2026-06-18 13:39:47,596 [DEBUG] entity.equipments: ˆ—ŒãŒÂ”F4
2026-06-18 13:39:48,294 [INFO] menu.menu_equip: MenuItem(item_label='æ¶ˆè²»ï¼’ï¼š ãªã—', menu_action=<bound method MenuSelectEquipSlot.equip_item of <menu.menu_equip.MenuSelectEquipSlot object at 0x000001D6F868F620>>, action_args=(<EquipSlot.CONSUME_2: '5'>,))
2026-06-18 13:39:48,294 [INFO] menu.menu_equip: MenuItem(item_label='Á”ï‚QF ‚È‚µ', menu_action=<bound method MenuSelectEquipSlot.equip_item of <menu.menu_equip.MenuSelectEquipSlot object at 0x000001D6F868F620>>, action_args=(<EquipSlot.CONSUME_2: '5'>,))
2026-06-18 13:39:48,295 [INFO] menu.menu_equip: é¸æŠãƒ¡ãƒ‹ãƒ¥ãƒ¼å®Ÿè¡Œï¼šæ¶ˆè²»ï¼’ï¼š ãªã—
2026-06-18 13:39:48,295 [INFO] menu.menu_equip: ‘I‘ğƒƒjƒ…[ÀsFÁ”ï‚QF ‚È‚µ
2026-06-18 13:39:49,362 [INFO] menu.menu_equip: MenuItem(item_label='é­”åŠ›è–¬ x 5', menu_action=None, action_args=(<ItemID.MAGICPOT: 4098>,))
2026-06-18 13:39:49,362 [INFO] menu.menu_equip: MenuItem(item_label='–‚—Í–ò x 5', menu_action=None, action_args=(<ItemID.MAGICPOT: 4098>,))
2026-06-18 13:39:49,362 [DEBUG] entity.equipments: å‡¦ç†å‰å€‹æ•°ï¼š5
2026-06-18 13:39:49,362 [DEBUG] entity.equipments: ˆ—‘OŒÂ”F5
2026-06-18 13:39:49,362 [DEBUG] entity.equipments: å‡¦ç†å¾Œå€‹æ•°ï¼š4
2026-06-18 13:39:49,362 [DEBUG] entity.equipments: ˆ—ŒãŒÂ”F4
2026-06-18 13:39:50,895 [INFO] menu.menu_field: MenuItem(item_label='èƒ½åŠ›ç¢ºèª', menu_action=<bound method MenuField.show_status of <menu.menu_field.MenuField object at 0x000001D6F868F380>>, action_args=())
2026-06-18 13:39:50,895 [INFO] menu.menu_field: MenuItem(item_label='”\—ÍŠm”F', menu_action=<bound method MenuField.show_status of <menu.menu_field.MenuField object at 0x000001D6F868F380>>, action_args=())
2026-06-18 13:39:50,895 [INFO] menu.menu_field: é¸æŠãƒ¡ãƒ‹ãƒ¥ãƒ¼å®Ÿè¡Œï¼šèƒ½åŠ›ç¢ºèª
2026-06-18 13:39:50,895 [INFO] menu.menu_field: ‘I‘ğƒƒjƒ…[ÀsF”\—ÍŠm”F
2026-06-18 13:39:58,129 [INFO] menu.menu_field: MenuItem(item_label='é“å…·ä½¿ç”¨', menu_action=<bound method MenuField.select_item_category of <menu.menu_field.MenuField object at 0x000001D6F86B5590>>, action_args=())
2026-06-18 13:39:58,129 [INFO] menu.menu_field: MenuItem(item_label='“¹‹ïg—p', menu_action=<bound method MenuField.select_item_category of <menu.menu_field.MenuField object at 0x000001D6F86B5590>>, action_args=())
2026-06-18 13:39:58,129 [INFO] menu.menu_field: é¸æŠãƒ¡ãƒ‹ãƒ¥ãƒ¼å®Ÿè¡Œï¼šé“å…·ä½¿ç”¨
2026-06-18 13:39:58,129 [INFO] menu.menu_field: ‘I‘ğƒƒjƒ…[ÀsF“¹‹ïg—p
2026-06-18 13:39:58,962 [INFO] menu.menu_item: MenuItem(item_label='æ¶ˆè€—å“', menu_action=<bound method MenuSelectItemCategory.use_item of <menu.menu_item.MenuSelectItemCategory object at 0x000001D6F868F770>>, action_args=())
2026-06-18 13:39:58,962 [INFO] menu.menu_item: MenuItem(item_label='Á–Õ•i', menu_action=<bound method MenuSelectItemCategory.use_item of <menu.menu_item.MenuSelectItemCategory object at 0x000001D6F868F770>>, action_args=())
2026-06-18 13:39:58,962 [INFO] menu.menu_item: é¸æŠãƒ¡ãƒ‹ãƒ¥ãƒ¼å®Ÿè¡Œï¼šæ¶ˆè€—å“
2026-06-18 13:39:58,962 [INFO] menu.menu_item: ‘I‘ğƒƒjƒ…[ÀsFÁ–Õ•i
2026-06-18 13:40:01,829 [INFO] menu.menu_item: MenuItem(item_label='è£…å‚™å“', menu_action=<bound method MenuSelectItemCategory.show_equips of <menu.menu_item.MenuSelectItemCategory object at 0x000001D6F868F770>>, action_args=())
2026-06-18 13:40:01,829 [INFO] menu.menu_item: MenuItem(item_label='‘•”õ•i', menu_action=<bound method MenuSelectItemCategory.show_equips of <menu.menu_item.MenuSelectItemCategory object at 0x000001D6F868F770>>, action_args=())
2026-06-18 13:40:01,829 [INFO] menu.menu_item: é¸æŠãƒ¡ãƒ‹ãƒ¥ãƒ¼å®Ÿè¡Œï¼šè£…å‚™å“
2026-06-18 13:40:01,829 [INFO] menu.menu_item: ‘I‘ğƒƒjƒ…[ÀsF‘•”õ•i
2026-06-18 13:40:04,096 [INFO] menu.menu_item: MenuItem(item_label='è²´é‡å“', menu_action=<bound method MenuSelectItemCategory.show_keyitem of <menu.menu_item.MenuSelectItemCategory object at 0x000001D6F868F770>>, action_args=())
2026-06-18 13:40:04,096 [INFO] menu.menu_item: MenuItem(item_label='‹Md•i', menu_action=<bound method MenuSelectItemCategory.show_keyitem of <menu.menu_item.MenuSelectItemCategory object at 0x000001D6F868F770>>, action_args=())
2026-06-18 13:40:04,096 [INFO] menu.menu_item: é¸æŠãƒ¡ãƒ‹ãƒ¥ãƒ¼å®Ÿè¡Œï¼šè²´é‡å“
2026-06-18 13:40:04,096 [INFO] menu.menu_item: ‘I‘ğƒƒjƒ…[ÀsF‹Md•i
2026-06-18 13:40:07,129 [INFO] menu.menu_field: MenuItem(item_label='è£…å‚™å¤‰æ›´', menu_action=<bound method MenuField.equip_item of <menu.menu_field.MenuField object at 0x000001D6F86B5590>>, action_args=())
2026-06-18 13:40:07,129 [INFO] menu.menu_field: MenuItem(item_label='‘•”õ•ÏX', menu_action=<bound method MenuField.equip_item of <menu.menu_field.MenuField object at 0x000001D6F86B5590>>, action_args=())
2026-06-18 13:40:07,129 [INFO] menu.menu_field: é¸æŠãƒ¡ãƒ‹ãƒ¥ãƒ¼å®Ÿè¡Œï¼šè£…å‚™å¤‰æ›´
2026-06-18 13:40:07,129 [INFO] menu.menu_field: ‘I‘ğƒƒjƒ…[ÀsF‘•”õ•ÏX
2026-06-18 13:40:08,797 [INFO] menu.menu_field: MenuItem(item_label='å•†å“å£²è²·', menu_action=<bound method MenuField.enter_shop of <menu.menu_field.MenuField object at 0x000001D6F86B5590>>, action_args=())
2026-06-18 13:40:08,797 [INFO] menu.menu_field: MenuItem(item_label='¤•i”„”ƒ', menu_action=<bound method MenuField.enter_shop of <menu.menu_field.MenuField object at 0x000001D6F86B5590>>, action_args=())
2026-06-18 13:40:08,797 [INFO] menu.menu_field: é¸æŠãƒ¡ãƒ‹ãƒ¥ãƒ¼å®Ÿè¡Œï¼šå•†å“å£²è²·
2026-06-18 13:40:08,797 [INFO] menu.menu_field: ‘I‘ğƒƒjƒ…[ÀsF¤•i”„”ƒ
2026-06-18 13:40:09,497 [INFO] menu.menu_field: MenuItem(item_label='èƒ½åŠ›ç¢ºèª', menu_action=<bound method MenuField.show_status of <menu.menu_field.MenuField object at 0x000001D6F86B5590>>, action_args=())
2026-06-18 13:40:09,497 [INFO] menu.menu_field: MenuItem(item_label='”\—ÍŠm”F', menu_action=<bound method MenuField.show_status of <menu.menu_field.MenuField object at 0x000001D6F86B5590>>, action_args=())
2026-06-18 13:40:09,497 [INFO] menu.menu_field: é¸æŠãƒ¡ãƒ‹ãƒ¥ãƒ¼å®Ÿè¡Œï¼šèƒ½åŠ›ç¢ºèª
2026-06-18 13:40:09,497 [INFO] menu.menu_field: ‘I‘ğƒƒjƒ…[ÀsF”\—ÍŠm”F
2026-06-18 13:40:22,827 [INFO] menu.menu_field: MenuItem(item_label='èƒ½åŠ›ç¢ºèª', menu_action=<bound method MenuField.show_status of <menu.menu_field.MenuField object at 0x000001D6F866DF30>>, action_args=())
2026-06-18 13:40:22,827 [INFO] menu.menu_field: MenuItem(item_label='”\—ÍŠm”F', menu_action=<bound method MenuField.show_status of <menu.menu_field.MenuField object at 0x000001D6F866DF30>>, action_args=())
2026-06-18 13:40:22,828 [INFO] menu.menu_field: é¸æŠãƒ¡ãƒ‹ãƒ¥ãƒ¼å®Ÿè¡Œï¼šèƒ½åŠ›ç¢ºèª
2026-06-18 13:40:22,828 [INFO] menu.menu_field: ‘I‘ğƒƒjƒ…[ÀsF”\—ÍŠm”F
2026-06-18 13:40:28,094 [INFO] menu.menu_field: MenuItem(item_label='èƒ½åŠ›ç¢ºèª', menu_action=<bound method MenuField.show_status of <menu.menu_field.MenuField object at 0x000001D6F866E060>>, action_args=())
2026-06-18 13:40:28,094 [INFO] menu.menu_field: MenuItem(item_label='”\—ÍŠm”F', menu_action=<bound method MenuField.show_status of <menu.menu_field.MenuField object at 0x000001D6F866E060>>, action_args=())
2026-06-18 13:40:28,095 [INFO] menu.menu_field: é¸æŠãƒ¡ãƒ‹ãƒ¥ãƒ¼å®Ÿè¡Œï¼šèƒ½åŠ›ç¢ºèª
2026-06-18 13:40:28,095 [INFO] menu.menu_field: ‘I‘ğƒƒjƒ…[ÀsF”\—ÍŠm”F
2026-06-18 13:40:29,862 [INFO] menu.menu_field: MenuItem(item_label='è£…å‚™å¤‰æ›´', menu_action=<bound method MenuField.equip_item of <menu.menu_field.MenuField object at 0x000001D6F866B530>>, action_args=())
2026-06-18 13:40:29,862 [INFO] menu.menu_field: MenuItem(item_label='‘•”õ•ÏX', menu_action=<bound method MenuField.equip_item of <menu.menu_field.MenuField object at 0x000001D6F866B530>>, action_args=())
2026-06-18 13:40:29,863 [INFO] menu.menu_field: é¸æŠãƒ¡ãƒ‹ãƒ¥ãƒ¼å®Ÿè¡Œï¼šè£…å‚™å¤‰æ›´
2026-06-18 13:40:29,863 [INFO] menu.menu_field: ‘I‘ğƒƒjƒ…[ÀsF‘•”õ•ÏX
2026-06-18 13:40:30,694 [INFO] menu.menu_equip: MenuItem(item_label='æ­¦\u3000å™¨ï¼š ãƒ€ã‚¬ãƒ¼', menu_action=<bound method MenuSelectEquipSlot.equip_item of <menu.menu_equip.MenuSelectEquipSlot object at 0x000001D6F86B51D0>>, action_args=(<EquipSlot.WEAPON: '0'>,))
2026-06-18 13:40:30,694 [INFO] menu.menu_equip: MenuItem(item_label='•\u3000ŠíF ƒ_ƒK[', menu_action=<bound method MenuSelectEquipSlot.equip_item of <menu.menu_equip.MenuSelectEquipSlot object at 0x000001D6F86B51D0>>, action_args=(<EquipSlot.WEAPON: '0'>,))
2026-06-18 13:40:30,695 [INFO] menu.menu_equip: é¸æŠãƒ¡ãƒ‹ãƒ¥ãƒ¼å®Ÿè¡Œï¼šæ­¦ã€€å™¨ï¼š ãƒ€ã‚¬ãƒ¼
2026-06-18 13:40:30,695 [INFO] menu.menu_equip: ‘I‘ğƒƒjƒ…[ÀsF•@ŠíF ƒ_ƒK[
2026-06-18 13:40:35,361 [INFO] menu.menu_equip: MenuItem(item_label='æ­¦\u3000å™¨ï¼š ãƒ€ã‚¬ãƒ¼', menu_action=<bound method MenuSelectEquipSlot.equip_item of <menu.menu_equip.MenuSelectEquipSlot object at 0x000001D6F86B51D0>>, action_args=(<EquipSlot.WEAPON: '0'>,))
2026-06-18 13:40:35,361 [INFO] menu.menu_equip: MenuItem(item_label='•\u3000ŠíF ƒ_ƒK[', menu_action=<bound method MenuSelectEquipSlot.equip_item of <menu.menu_equip.MenuSelectEquipSlot object at 0x000001D6F86B51D0>>, action_args=(<EquipSlot.WEAPON: '0'>,))
2026-06-18 13:40:35,361 [INFO] menu.menu_equip: é¸æŠãƒ¡ãƒ‹ãƒ¥ãƒ¼å®Ÿè¡Œï¼šæ­¦ã€€å™¨ï¼š ãƒ€ã‚¬ãƒ¼
2026-06-18 13:40:35,361 [INFO] menu.menu_equip: ‘I‘ğƒƒjƒ…[ÀsF•@ŠíF ƒ_ƒK[
2026-06-18 13:40:37,062 [INFO] menu.menu_equip: MenuItem(item_label='æ¶ˆè²»ï¼‘ï¼š ãªã—', menu_action=<bound method MenuSelectEquipSlot.equip_item of <menu.menu_equip.MenuSelectEquipSlot object at 0x000001D6F86B51D0>>, action_args=(<EquipSlot.CONSUME_1: '4'>,))
2026-06-18 13:40:37,062 [INFO] menu.menu_equip: MenuItem(item_label='Á”ï‚PF ‚È‚µ', menu_action=<bound method MenuSelectEquipSlot.equip_item of <menu.menu_equip.MenuSelectEquipSlot object at 0x000001D6F86B51D0>>, action_args=(<EquipSlot.CONSUME_1: '4'>,))
2026-06-18 13:40:37,062 [INFO] menu.menu_equip: é¸æŠãƒ¡ãƒ‹ãƒ¥ãƒ¼å®Ÿè¡Œï¼šæ¶ˆè²»ï¼‘ï¼š ãªã—
2026-06-18 13:40:37,062 [INFO] menu.menu_equip: ‘I‘ğƒƒjƒ…[ÀsFÁ”ï‚PF ‚È‚µ
2026-06-18 13:40:43,928 [INFO] menu.menu_equip: MenuItem(item_label='è£…é£¾ï¼’ï¼š ãªã—', menu_action=<bound method MenuSelectEquipSlot.equip_item of <menu.menu_equip.MenuSelectEquipSlot object at 0x000001D6F86B51D0>>, action_args=(<EquipSlot.ACCESSORY_2: '3'>,))
2026-06-18 13:40:43,928 [INFO] menu.menu_equip: MenuItem(item_label='‘•ü‚QF ‚È‚µ', menu_action=<bound method MenuSelectEquipSlot.equip_item of <menu.menu_equip.MenuSelectEquipSlot object at 0x000001D6F86B51D0>>, action_args=(<EquipSlot.ACCESSORY_2: '3'>,))
2026-06-18 13:40:43,929 [INFO] menu.menu_equip: é¸æŠãƒ¡ãƒ‹ãƒ¥ãƒ¼å®Ÿè¡Œï¼šè£…é£¾ï¼’ï¼š ãªã—
2026-06-18 13:40:43,929 [INFO] menu.menu_equip: ‘I‘ğƒƒjƒ…[ÀsF‘•ü‚QF ‚È‚µ
2026-06-18 13:43:01,865 [INFO] bootstrap: log setup finished successfully.
2026-06-18 13:43:01,865 [INFO] bootstrap: log setup finished successfully.
2026-06-18 13:43:01,866 [INFO] bootstrap: Initialize - gameutils.base
2026-06-18 13:43:01,866 [INFO] bootstrap: Initialize - gameutils.base
2026-06-18 13:43:01,894 [INFO] bootstrap: Initialize - AssetMap
2026-06-18 13:43:01,894 [INFO] bootstrap: Initialize - AssetMap
2026-06-18 13:43:01,895 [INFO] bootstrap: Initialize - SceneManager
2026-06-18 13:43:01,895 [INFO] bootstrap: Initialize - SceneManager
2026-06-18 13:43:01,896 [INFO] service_locater: ã‚µãƒ¼ãƒ“ã‚¹ç™»éŒ²:('SCENE_MANAGER', <class 'scene.scene_manager.SceneManager'>)
2026-06-18 13:43:01,896 [INFO] service_locater: ƒT[ƒrƒX“o˜^:('SCENE_MANAGER', <class 'scene.scene_manager.SceneManager'>)
2026-06-18 13:43:01,896 [INFO] bootstrap: Initialize - FieldMap
2026-06-18 13:43:01,896 [INFO] bootstrap: Initialize - FieldMap
2026-06-18 13:43:01,939 [INFO] service_locater: ã‚µãƒ¼ãƒ“ã‚¹ç™»éŒ²:('MAPGRAPH', <class 'field_map.MapGraph'>)
2026-06-18 13:43:01,939 [INFO] service_locater: ƒT[ƒrƒX“o˜^:('MAPGRAPH', <class 'field_map.MapGraph'>)
2026-06-18 13:43:01,940 [INFO] bootstrap: Initialize - Party
2026-06-18 13:43:01,940 [INFO] bootstrap: Initialize - Party
2026-06-18 13:43:01,940 [INFO] service_locater: ã‚µãƒ¼ãƒ“ã‚¹ç™»éŒ²:('HERO', <class 'entity.character.Character'>)
2026-06-18 13:43:01,940 [INFO] service_locater: ƒT[ƒrƒX“o˜^:('HERO', <class 'entity.character.Character'>)
2026-06-18 13:43:01,941 [INFO] service_locater: ã‚µãƒ¼ãƒ“ã‚¹ç™»éŒ²:('MEMBER1', <class 'entity.character.Character'>)
2026-06-18 13:43:01,941 [INFO] service_locater: ƒT[ƒrƒX“o˜^:('MEMBER1', <class 'entity.character.Character'>)
2026-06-18 13:43:01,941 [INFO] service_locater: ã‚µãƒ¼ãƒ“ã‚¹ç™»éŒ²:('MEMBER2', <class 'entity.character.Character'>)
2026-06-18 13:43:01,941 [INFO] service_locater: ƒT[ƒrƒX“o˜^:('MEMBER2', <class 'entity.character.Character'>)
2026-06-18 13:43:01,942 [INFO] service_locater: ã‚µãƒ¼ãƒ“ã‚¹ç™»éŒ²:('PARTY', <class 'entity.party.Party'>)
2026-06-18 13:43:01,942 [INFO] service_locater: ƒT[ƒrƒX“o˜^:('PARTY', <class 'entity.party.Party'>)
2026-06-18 13:43:01,942 [INFO] bootstrap: Initialize - Item MasterData
2026-06-18 13:43:01,942 [INFO] bootstrap: Initialize - Item MasterData
2026-06-18 13:43:01,942 [INFO] service_locater: ã‚µãƒ¼ãƒ“ã‚¹ç™»éŒ²:('ITEM_MANAGER', <class 'item.item_manager.ItemManager'>)
2026-06-18 13:43:01,942 [INFO] service_locater: ƒT[ƒrƒX“o˜^:('ITEM_MANAGER', <class 'item.item_manager.ItemManager'>)
2026-06-18 13:43:01,943 [INFO] service_locater: ã‚µãƒ¼ãƒ“ã‚¹ç™»éŒ²:('ITEMPOOL', <class 'item.item_pool.ItemPool'>)
2026-06-18 13:43:01,943 [INFO] service_locater: ƒT[ƒrƒX“o˜^:('ITEMPOOL', <class 'item.item_pool.ItemPool'>)
2026-06-18 13:43:01,943 [INFO] service_locater: ã‚µãƒ¼ãƒ“ã‚¹ç™»éŒ²:('STACKPOOL', <class 'item.item_pool.StackPool'>)
2026-06-18 13:43:01,943 [INFO] service_locater: ƒT[ƒrƒX“o˜^:('STACKPOOL', <class 'item.item_pool.StackPool'>)
2026-06-18 13:43:01,944 [INFO] __main__: launch the game application.
2026-06-18 13:43:01,944 [INFO] __main__: launch the game application.
2026-06-18 13:43:01,944 [INFO] game: Initialize - Pyxel
2026-06-18 13:43:01,944 [INFO] game: Initialize - Pyxel
2026-06-18 13:43:02,433 [INFO] game: Start Pyxel frame procedure.
2026-06-18 13:43:02,433 [INFO] game: Start Pyxel frame procedure.
2026-06-18 13:43:04,600 [INFO] menu.menu_field: MenuItem(item_label='é“å…·ä½¿ç”¨', menu_action=<bound method MenuField.select_item_category of <menu.menu_field.MenuField object at 0x00000281D0D07380>>, action_args=())
2026-06-18 13:43:04,600 [INFO] menu.menu_field: MenuItem(item_label='“¹‹ïg—p', menu_action=<bound method MenuField.select_item_category of <menu.menu_field.MenuField object at 0x00000281D0D07380>>, action_args=())
2026-06-18 13:43:04,601 [INFO] menu.menu_field: é¸æŠãƒ¡ãƒ‹ãƒ¥ãƒ¼å®Ÿè¡Œï¼šé“å…·ä½¿ç”¨
2026-06-18 13:43:04,601 [INFO] menu.menu_field: ‘I‘ğƒƒjƒ…[ÀsF“¹‹ïg—p
2026-06-18 13:43:06,467 [INFO] menu.menu_item: MenuItem(item_label='è£…å‚™å“', menu_action=<bound method MenuSelectItemCategory.show_equips of <menu.menu_item.MenuSelectItemCategory object at 0x00000281D0D07620>>, action_args=())
2026-06-18 13:43:06,467 [INFO] menu.menu_item: MenuItem(item_label='‘•”õ•i', menu_action=<bound method MenuSelectItemCategory.show_equips of <menu.menu_item.MenuSelectItemCategory object at 0x00000281D0D07620>>, action_args=())
2026-06-18 13:43:06,467 [INFO] menu.menu_item: é¸æŠãƒ¡ãƒ‹ãƒ¥ãƒ¼å®Ÿè¡Œï¼šè£…å‚™å“
2026-06-18 13:43:06,467 [INFO] menu.menu_item: ‘I‘ğƒƒjƒ…[ÀsF‘•”õ•i
2026-06-18 13:43:15,934 [INFO] menu.menu_field: MenuItem(item_label='è£…å‚™å¤‰æ›´', menu_action=<bound method MenuField.equip_item of <menu.menu_field.MenuField object at 0x00000281D0D07380>>, action_args=())
2026-06-18 13:43:15,934 [INFO] menu.menu_field: MenuItem(item_label='‘•”õ•ÏX', menu_action=<bound method MenuField.equip_item of <menu.menu_field.MenuField object at 0x00000281D0D07380>>, action_args=())
2026-06-18 13:43:15,934 [INFO] menu.menu_field: é¸æŠãƒ¡ãƒ‹ãƒ¥ãƒ¼å®Ÿè¡Œï¼šè£…å‚™å¤‰æ›´
2026-06-18 13:43:15,934 [INFO] menu.menu_field: ‘I‘ğƒƒjƒ…[ÀsF‘•”õ•ÏX
2026-06-18 13:43:17,566 [INFO] menu.menu_equip: MenuItem(item_label='è£…é£¾ï¼’ï¼š ãªã—', menu_action=<bound method MenuSelectEquipSlot.equip_item of <menu.menu_equip.MenuSelectEquipSlot object at 0x00000281D0D074D0>>, action_args=(<EquipSlot.ACCESSORY_2: '3'>,))
2026-06-18 13:43:17,566 [INFO] menu.menu_equip: MenuItem(item_label='‘•ü‚QF ‚È‚µ', menu_action=<bound method MenuSelectEquipSlot.equip_item of <menu.menu_equip.MenuSelectEquipSlot object at 0x00000281D0D074D0>>, action_args=(<EquipSlot.ACCESSORY_2: '3'>,))
2026-06-18 13:43:17,567 [INFO] menu.menu_equip: é¸æŠãƒ¡ãƒ‹ãƒ¥ãƒ¼å®Ÿè¡Œï¼šè£…é£¾ï¼’ï¼š ãªã—
2026-06-18 13:43:17,567 [INFO] menu.menu_equip: ‘I‘ğƒƒjƒ…[ÀsF‘•ü‚QF ‚È‚µ
2026-06-18 13:43:53,166 [INFO] menu.menu_field: MenuItem(item_label='èƒ½åŠ›ç¢ºèª', menu_action=<bound method MenuField.show_status of <menu.menu_field.MenuField object at 0x00000281D0D07380>>, action_args=())
2026-06-18 13:43:53,166 [INFO] menu.menu_field: MenuItem(item_label='”\—ÍŠm”F', menu_action=<bound method MenuField.show_status of <menu.menu_field.MenuField object at 0x00000281D0D07380>>, action_args=())
2026-06-18 13:43:53,166 [INFO] menu.menu_field: é¸æŠãƒ¡ãƒ‹ãƒ¥ãƒ¼å®Ÿè¡Œï¼šèƒ½åŠ›ç¢ºèª
2026-06-18 13:43:53,166 [INFO] menu.menu_field: ‘I‘ğƒƒjƒ…[ÀsF”\—ÍŠm”F
2026-06-18 13:44:01,099 [INFO] menu.menu_field: MenuItem(item_label='è£…å‚™å¤‰æ›´', menu_action=<bound method MenuField.equip_item of <menu.menu_field.MenuField object at 0x00000281D0CE1090>>, action_args=())
2026-06-18 13:44:01,099 [INFO] menu.menu_field: MenuItem(item_label='‘•”õ•ÏX', menu_action=<bound method MenuField.equip_item of <menu.menu_field.MenuField object at 0x00000281D0CE1090>>, action_args=())
2026-06-18 13:44:01,099 [INFO] menu.menu_field: é¸æŠãƒ¡ãƒ‹ãƒ¥ãƒ¼å®Ÿè¡Œï¼šè£…å‚™å¤‰æ›´
2026-06-18 13:44:01,099 [INFO] menu.menu_field: ‘I‘ğƒƒjƒ…[ÀsF‘•”õ•ÏX
2026-06-18 13:44:04,233 [INFO] menu.menu_field: MenuItem(item_label='èƒ½åŠ›ç¢ºèª', menu_action=<bound method MenuField.show_status of <menu.menu_field.MenuField object at 0x00000281D0CE1090>>, action_args=())
2026-06-18 13:44:04,233 [INFO] menu.menu_field: MenuItem(item_label='”\—ÍŠm”F', menu_action=<bound method MenuField.show_status of <menu.menu_field.MenuField object at 0x00000281D0CE1090>>, action_args=())
2026-06-18 13:44:04,233 [INFO] menu.menu_field: é¸æŠãƒ¡ãƒ‹ãƒ¥ãƒ¼å®Ÿè¡Œï¼šèƒ½åŠ›ç¢ºèª
2026-06-18 13:44:04,233 [INFO] menu.menu_field: ‘I‘ğƒƒjƒ…[ÀsF”\—ÍŠm”F
2026-06-18 13:44:07,766 [INFO] menu.menu_field: MenuItem(item_label='èƒ½åŠ›ç¢ºèª', menu_action=<bound method MenuField.show_status of <menu.menu_field.MenuField object at 0x00000281D0CE1310>>, action_args=())
2026-06-18 13:44:07,766 [INFO] menu.menu_field: MenuItem(item_label='”\—ÍŠm”F', menu_action=<bound method MenuField.show_status of <menu.menu_field.MenuField object at 0x00000281D0CE1310>>, action_args=())
2026-06-18 13:44:07,766 [INFO] menu.menu_field: é¸æŠãƒ¡ãƒ‹ãƒ¥ãƒ¼å®Ÿè¡Œï¼šèƒ½åŠ›ç¢ºèª
2026-06-18 13:44:07,766 [INFO] menu.menu_field: ‘I‘ğƒƒjƒ…[ÀsF”\—ÍŠm”F
2026-06-18 13:44:09,299 [INFO] menu.menu_field: MenuItem(item_label='èƒ½åŠ›ç¢ºèª', menu_action=<bound method MenuField.show_status of <menu.menu_field.MenuField object at 0x00000281D0C9E3F0>>, action_args=())
2026-06-18 13:44:09,299 [INFO] menu.menu_field: MenuItem(item_label='”\—ÍŠm”F', menu_action=<bound method MenuField.show_status of <menu.menu_field.MenuField object at 0x00000281D0C9E3F0>>, action_args=())
2026-06-18 13:44:09,299 [INFO] menu.menu_field: é¸æŠãƒ¡ãƒ‹ãƒ¥ãƒ¼å®Ÿè¡Œï¼šèƒ½åŠ›ç¢ºèª
2026-06-18 13:44:09,299 [INFO] menu.menu_field: ‘I‘ğƒƒjƒ…[ÀsF”\—ÍŠm”F
2026-06-18 13:44:10,799 [INFO] menu.menu_field: MenuItem(item_label='è£…å‚™å¤‰æ›´', menu_action=<bound method MenuField.equip_item of <menu.menu_field.MenuField object at 0x00000281D0C9E2C0>>, action_args=())
2026-06-18 13:44:10,799 [INFO] menu.menu_field: MenuItem(item_label='‘•”õ•ÏX', menu_action=<bound method MenuField.equip_item of <menu.menu_field.MenuField object at 0x00000281D0C9E2C0>>, action_args=())
2026-06-18 13:44:10,799 [INFO] menu.menu_field: é¸æŠãƒ¡ãƒ‹ãƒ¥ãƒ¼å®Ÿè¡Œï¼šè£…å‚™å¤‰æ›´
2026-06-18 13:44:10,799 [INFO] menu.menu_field: ‘I‘ğƒƒjƒ…[ÀsF‘•”õ•ÏX
2026-06-18 13:44:16,866 [INFO] menu.menu_field: MenuItem(item_label='èƒ½åŠ›ç¢ºèª', menu_action=<bound method MenuField.show_status of <menu.menu_field.MenuField object at 0x00000281D0C9E2C0>>, action_args=())
2026-06-18 13:44:16,866 [INFO] menu.menu_field: MenuItem(item_label='”\—ÍŠm”F', menu_action=<bound method MenuField.show_status of <menu.menu_field.MenuField object at 0x00000281D0C9E2C0>>, action_args=())
2026-06-18 13:44:16,867 [INFO] menu.menu_field: é¸æŠãƒ¡ãƒ‹ãƒ¥ãƒ¼å®Ÿè¡Œï¼šèƒ½åŠ›ç¢ºèª
2026-06-18 13:44:16,867 [INFO] menu.menu_field: ‘I‘ğƒƒjƒ…[ÀsF”\—ÍŠm”F
2026-06-18 13:44:20,233 [INFO] menu.menu_field: MenuItem(item_label='è£…å‚™å¤‰æ›´', menu_action=<bound method MenuField.equip_item of <menu.menu_field.MenuField object at 0x00000281D0C9B9B0>>, action_args=())
2026-06-18 13:44:20,233 [INFO] menu.menu_field: MenuItem(item_label='‘•”õ•ÏX', menu_action=<bound method MenuField.equip_item of <menu.menu_field.MenuField object at 0x00000281D0C9B9B0>>, action_args=())
2026-06-18 13:44:20,233 [INFO] menu.menu_field: é¸æŠãƒ¡ãƒ‹ãƒ¥ãƒ¼å®Ÿè¡Œï¼šè£…å‚™å¤‰æ›´
2026-06-18 13:44:20,233 [INFO] menu.menu_field: ‘I‘ğƒƒjƒ…[ÀsF‘•”õ•ÏX
2026-06-18 13:44:22,500 [INFO] menu.menu_equip: MenuItem(item_label='æ¶ˆè²»ï¼’ï¼š ãªã—', menu_action=<bound method MenuSelectEquipSlot.equip_item of <menu.menu_equip.MenuSelectEquipSlot object at 0x00000281D0C9E520>>, action_args=(<EquipSlot.CONSUME_2: '5'>,))
2026-06-18 13:44:22,500 [INFO] menu.menu_equip: MenuItem(item_label='Á”ï‚QF ‚È‚µ', menu_action=<bound method MenuSelectEquipSlot.equip_item of <menu.menu_equip.MenuSelectEquipSlot object at 0x00000281D0C9E520>>, action_args=(<EquipSlot.CONSUME_2: '5'>,))
2026-06-18 13:44:22,501 [INFO] menu.menu_equip: é¸æŠãƒ¡ãƒ‹ãƒ¥ãƒ¼å®Ÿè¡Œï¼šæ¶ˆè²»ï¼’ï¼š ãªã—
2026-06-18 13:44:22,501 [INFO] menu.menu_equip: ‘I‘ğƒƒjƒ…[ÀsFÁ”ï‚QF ‚È‚µ
2026-06-18 13:44:23,500 [INFO] menu.menu_equip: MenuItem(item_label='è¿½åŠ ãƒ€ã‚¤ã‚¹ x 5', menu_action=None, action_args=(<ItemID.DICE: 4103>,))
2026-06-18 13:44:23,500 [INFO] menu.menu_equip: MenuItem(item_label='’Ç‰Áƒ_ƒCƒX x 5', menu_action=None, action_args=(<ItemID.DICE: 4103>,))
2026-06-18 13:44:23,500 [DEBUG] entity.equipments: å‡¦ç†å‰å€‹æ•°ï¼š5
2026-06-18 13:44:23,500 [DEBUG] entity.equipments: ˆ—‘OŒÂ”F5
2026-06-18 13:44:23,500 [DEBUG] entity.equipments: å‡¦ç†å¾Œå€‹æ•°ï¼š4
2026-06-18 13:44:23,500 [DEBUG] entity.equipments: ˆ—ŒãŒÂ”F4
2026-06-18 13:44:24,367 [INFO] menu.menu_equip: MenuItem(item_label='æ¶ˆè²»ï¼’ï¼š è¿½åŠ ãƒ€ã‚¤ã‚¹', menu_action=<bound method MenuSelectEquipSlot.equip_item of <menu.menu_equip.MenuSelectEquipSlot object at 0x00000281D0C9E520>>, action_args=(<EquipSlot.CONSUME_2: '5'>,))
2026-06-18 13:44:24,367 [INFO] menu.menu_equip: MenuItem(item_label='Á”ï‚QF ’Ç‰Áƒ_ƒCƒX', menu_action=<bound method MenuSelectEquipSlot.equip_item of <menu.menu_equip.MenuSelectEquipSlot object at 0x00000281D0C9E520>>, action_args=(<EquipSlot.CONSUME_2: '5'>,))
2026-06-18 13:44:24,367 [INFO] menu.menu_equip: é¸æŠãƒ¡ãƒ‹ãƒ¥ãƒ¼å®Ÿè¡Œï¼šæ¶ˆè²»ï¼’ï¼š è¿½åŠ ãƒ€ã‚¤ã‚¹
2026-06-18 13:44:24,367 [INFO] menu.menu_equip: ‘I‘ğƒƒjƒ…[ÀsFÁ”ï‚QF ’Ç‰Áƒ_ƒCƒX
2026-06-18 13:44:25,366 [INFO] menu.menu_equip: MenuItem(item_label='è¿½åŠ ãƒ€ã‚¤ã‚¹ x 4', menu_action=None, action_args=(<ItemID.DICE: 4103>,))
2026-06-18 13:44:25,366 [INFO] menu.menu_equip: MenuItem(item_label='’Ç‰Áƒ_ƒCƒX x 4', menu_action=None, action_args=(<ItemID.DICE: 4103>,))
2026-06-18 13:44:25,367 [DEBUG] entity.equipments: å‡¦ç†å‰å€‹æ•°ï¼š4
2026-06-18 13:44:25,367 [DEBUG] entity.equipments: ˆ—‘OŒÂ”F4
2026-06-18 13:44:25,367 [DEBUG] entity.equipments: å‡¦ç†å¾Œå€‹æ•°ï¼š3
2026-06-18 13:44:25,367 [DEBUG] entity.equipments: ˆ—ŒãŒÂ”F3
2026-06-18 13:44:25,367 [DEBUG] entity.equipments: å‡¦ç†å‰å€‹æ•°ï¼š3
2026-06-18 13:44:25,367 [DEBUG] entity.equipments: ˆ—‘OŒÂ”F3
2026-06-18 13:44:25,367 [DEBUG] entity.equipments: å‡¦ç†å¾Œå€‹æ•°ï¼š4
2026-06-18 13:44:25,367 [DEBUG] entity.equipments: ˆ—ŒãŒÂ”F4
2026-06-18 13:44:25,967 [INFO] menu.menu_equip: MenuItem(item_label='æ¶ˆè²»ï¼’ï¼š è¿½åŠ ãƒ€ã‚¤ã‚¹', menu_action=<bound method MenuSelectEquipSlot.equip_item of <menu.menu_equip.MenuSelectEquipSlot object at 0x00000281D0C9E520>>, action_args=(<EquipSlot.CONSUME_2: '5'>,))
2026-06-18 13:44:25,967 [INFO] menu.menu_equip: MenuItem(item_label='Á”ï‚QF ’Ç‰Áƒ_ƒCƒX', menu_action=<bound method MenuSelectEquipSlot.equip_item of <menu.menu_equip.MenuSelectEquipSlot object at 0x00000281D0C9E520>>, action_args=(<EquipSlot.CONSUME_2: '5'>,))
2026-06-18 13:44:25,967 [INFO] menu.menu_equip: é¸æŠãƒ¡ãƒ‹ãƒ¥ãƒ¼å®Ÿè¡Œï¼šæ¶ˆè²»ï¼’ï¼š è¿½åŠ ãƒ€ã‚¤ã‚¹
2026-06-18 13:44:25,967 [INFO] menu.menu_equip: ‘I‘ğƒƒjƒ…[ÀsFÁ”ï‚QF ’Ç‰Áƒ_ƒCƒX
2026-06-18 13:44:26,735 [INFO] menu.menu_equip: MenuItem(item_label='å››ã¤è‘‰ã®è­·ç¬¦ x 5', menu_action=None, action_args=(<ItemID.CLOVER: 4118>,))
2026-06-18 13:44:26,735 [INFO] menu.menu_equip: MenuItem(item_label='l‚Â—t‚ÌŒì•„ x 5', menu_action=None, action_args=(<ItemID.CLOVER: 4118>,))
2026-06-18 13:44:26,736 [DEBUG] entity.equipments: å‡¦ç†å‰å€‹æ•°ï¼š5
2026-06-18 13:44:26,736 [DEBUG] entity.equipments: ˆ—‘OŒÂ”F5
2026-06-18 13:44:26,736 [DEBUG] entity.equipments: å‡¦ç†å¾Œå€‹æ•°ï¼š4
2026-06-18 13:44:26,736 [DEBUG] entity.equipments: ˆ—ŒãŒÂ”F4
2026-06-18 13:44:26,736 [DEBUG] entity.equipments: å‡¦ç†å‰å€‹æ•°ï¼š4
2026-06-18 13:44:26,736 [DEBUG] entity.equipments: ˆ—‘OŒÂ”F4
2026-06-18 13:44:26,736 [DEBUG] entity.equipments: å‡¦ç†å¾Œå€‹æ•°ï¼š5
2026-06-18 13:44:26,736 [DEBUG] entity.equipments: ˆ—ŒãŒÂ”F5
2026-06-18 13:44:27,234 [INFO] menu.menu_equip: MenuItem(item_label='æ¶ˆè²»ï¼’ï¼š å››ã¤è‘‰ã®è­·ç¬¦', menu_action=<bound method MenuSelectEquipSlot.equip_item of <menu.menu_equip.MenuSelectEquipSlot object at 0x00000281D0C9E520>>, action_args=(<EquipSlot.CONSUME_2: '5'>,))
2026-06-18 13:44:27,234 [INFO] menu.menu_equip: MenuItem(item_label='Á”ï‚QF l‚Â—t‚ÌŒì•„', menu_action=<bound method MenuSelectEquipSlot.equip_item of <menu.menu_equip.MenuSelectEquipSlot object at 0x00000281D0C9E520>>, action_args=(<EquipSlot.CONSUME_2: '5'>,))
2026-06-18 13:44:27,234 [INFO] menu.menu_equip: é¸æŠãƒ¡ãƒ‹ãƒ¥ãƒ¼å®Ÿè¡Œï¼šæ¶ˆè²»ï¼’ï¼š å››ã¤è‘‰ã®è­·ç¬¦
2026-06-18 13:44:27,234 [INFO] menu.menu_equip: ‘I‘ğƒƒjƒ…[ÀsFÁ”ï‚QF l‚Â—t‚ÌŒì•„
2026-06-18 13:44:28,602 [INFO] menu.menu_equip: MenuItem(item_label='è¿½åŠ ãƒ€ã‚¤ã‚¹ x 5', menu_action=None, action_args=(<ItemID.DICE: 4103>,))
2026-06-18 13:44:28,602 [INFO] menu.menu_equip: MenuItem(item_label='’Ç‰Áƒ_ƒCƒX x 5', menu_action=None, action_args=(<ItemID.DICE: 4103>,))
2026-06-18 13:44:28,602 [DEBUG] entity.equipments: å‡¦ç†å‰å€‹æ•°ï¼š5
2026-06-18 13:44:28,602 [DEBUG] entity.equipments: ˆ—‘OŒÂ”F5
2026-06-18 13:44:28,602 [DEBUG] entity.equipments: å‡¦ç†å¾Œå€‹æ•°ï¼š4
2026-06-18 13:44:28,602 [DEBUG] entity.equipments: ˆ—ŒãŒÂ”F4
2026-06-18 13:44:28,603 [DEBUG] entity.equipments: å‡¦ç†å‰å€‹æ•°ï¼š4
2026-06-18 13:44:28,603 [DEBUG] entity.equipments: ˆ—‘OŒÂ”F4
2026-06-18 13:44:28,603 [DEBUG] entity.equipments: å‡¦ç†å¾Œå€‹æ•°ï¼š5
2026-06-18 13:44:28,603 [DEBUG] entity.equipments: ˆ—ŒãŒÂ”F5
2026-06-18 13:44:29,602 [INFO] menu.menu_equip: MenuItem(item_label='æ¶ˆè²»ï¼‘ï¼š ãªã—', menu_action=<bound method MenuSelectEquipSlot.equip_item of <menu.menu_equip.MenuSelectEquipSlot object at 0x00000281D0C9E520>>, action_args=(<EquipSlot.CONSUME_1: '4'>,))
2026-06-18 13:44:29,602 [INFO] menu.menu_equip: MenuItem(item_label='Á”ï‚PF ‚È‚µ', menu_action=<bound method MenuSelectEquipSlot.equip_item of <menu.menu_equip.MenuSelectEquipSlot object at 0x00000281D0C9E520>>, action_args=(<EquipSlot.CONSUME_1: '4'>,))
2026-06-18 13:44:29,603 [INFO] menu.menu_equip: é¸æŠãƒ¡ãƒ‹ãƒ¥ãƒ¼å®Ÿè¡Œï¼šæ¶ˆè²»ï¼‘ï¼š ãªã—
2026-06-18 13:44:29,603 [INFO] menu.menu_equip: ‘I‘ğƒƒjƒ…[ÀsFÁ”ï‚PF ‚È‚µ
2026-06-18 13:44:30,100 [INFO] menu.menu_equip: MenuItem(item_label='è¿½åŠ ãƒ€ã‚¤ã‚¹ x 4', menu_action=None, action_args=(<ItemID.DICE: 4103>,))
2026-06-18 13:44:30,100 [INFO] menu.menu_equip: MenuItem(item_label='’Ç‰Áƒ_ƒCƒX x 4', menu_action=None, action_args=(<ItemID.DICE: 4103>,))
2026-06-18 13:44:30,101 [DEBUG] entity.equipments: å‡¦ç†å‰å€‹æ•°ï¼š4
2026-06-18 13:44:30,101 [DEBUG] entity.equipments: ˆ—‘OŒÂ”F4
2026-06-18 13:44:30,101 [DEBUG] entity.equipments: å‡¦ç†å¾Œå€‹æ•°ï¼š3
2026-06-18 13:44:30,101 [DEBUG] entity.equipments: ˆ—ŒãŒÂ”F3
2026-06-18 13:44:31,068 [INFO] menu.menu_equip: MenuItem(item_label='æ¶ˆè²»ï¼‘ï¼š è¿½åŠ ãƒ€ã‚¤ã‚¹', menu_action=<bound method MenuSelectEquipSlot.equip_item of <menu.menu_equip.MenuSelectEquipSlot object at 0x00000281D0C9E520>>, action_args=(<EquipSlot.CONSUME_1: '4'>,))
2026-06-18 13:44:31,068 [INFO] menu.menu_equip: MenuItem(item_label='Á”ï‚PF ’Ç‰Áƒ_ƒCƒX', menu_action=<bound method MenuSelectEquipSlot.equip_item of <menu.menu_equip.MenuSelectEquipSlot object at 0x00000281D0C9E520>>, action_args=(<EquipSlot.CONSUME_1: '4'>,))
2026-06-18 13:44:31,068 [INFO] menu.menu_equip: é¸æŠãƒ¡ãƒ‹ãƒ¥ãƒ¼å®Ÿè¡Œï¼šæ¶ˆè²»ï¼‘ï¼š è¿½åŠ ãƒ€ã‚¤ã‚¹
2026-06-18 13:44:31,068 [INFO] menu.menu_equip: ‘I‘ğƒƒjƒ…[ÀsFÁ”ï‚PF ’Ç‰Áƒ_ƒCƒX
2026-06-18 13:44:34,202 [INFO] menu.menu_equip: MenuItem(item_label='ä¸‡èƒ½éµ x 5', menu_action=None, action_args=(<ItemID.KEY: 4100>,))
2026-06-18 13:44:34,202 [INFO] menu.menu_equip: MenuItem(item_label='–œ”\Œ® x 5', menu_action=None, action_args=(<ItemID.KEY: 4100>,))
2026-06-18 13:44:34,202 [DEBUG] entity.equipments: å‡¦ç†å‰å€‹æ•°ï¼š5
2026-06-18 13:44:34,202 [DEBUG] entity.equipments: ˆ—‘OŒÂ”F5
2026-06-18 13:44:34,202 [DEBUG] entity.equipments: å‡¦ç†å¾Œå€‹æ•°ï¼š4
2026-06-18 13:44:34,202 [DEBUG] entity.equipments: ˆ—ŒãŒÂ”F4
2026-06-18 13:44:34,202 [DEBUG] entity.equipments: å‡¦ç†å‰å€‹æ•°ï¼š3
2026-06-18 13:44:34,202 [DEBUG] entity.equipments: ˆ—‘OŒÂ”F3
2026-06-18 13:44:34,203 [DEBUG] entity.equipments: å‡¦ç†å¾Œå€‹æ•°ï¼š4
2026-06-18 13:44:34,203 [DEBUG] entity.equipments: ˆ—ŒãŒÂ”F4
2026-06-18 13:44:34,767 [INFO] menu.menu_equip: MenuItem(item_label='æ¶ˆè²»ï¼‘ï¼š ä¸‡èƒ½éµ', menu_action=<bound method MenuSelectEquipSlot.equip_item of <menu.menu_equip.MenuSelectEquipSlot object at 0x00000281D0C9E520>>, action_args=(<EquipSlot.CONSUME_1: '4'>,))
2026-06-18 13:44:34,767 [INFO] menu.menu_equip: MenuItem(item_label='Á”ï‚PF –œ”\Œ®', menu_action=<bound method MenuSelectEquipSlot.equip_item of <menu.menu_equip.MenuSelectEquipSlot object at 0x00000281D0C9E520>>, action_args=(<EquipSlot.CONSUME_1: '4'>,))
2026-06-18 13:44:34,768 [INFO] menu.menu_equip: é¸æŠãƒ¡ãƒ‹ãƒ¥ãƒ¼å®Ÿè¡Œï¼šæ¶ˆè²»ï¼‘ï¼š ä¸‡èƒ½éµ
2026-06-18 13:44:34,768 [INFO] menu.menu_equip: ‘I‘ğƒƒjƒ…[ÀsFÁ”ï‚PF –œ”\Œ®
2026-06-18 13:45:35,567 [INFO] menu.menu_equip: MenuItem(item_label='æ­¦\u3000å™¨ï¼š ãƒ€ã‚¬ãƒ¼', menu_action=<bound method MenuSelectEquipSlot.equip_item of <menu.menu_equip.MenuSelectEquipSlot object at 0x00000281D0C9E520>>, action_args=(<EquipSlot.WEAPON: '0'>,))
2026-06-18 13:45:35,567 [INFO] menu.menu_equip: MenuItem(item_label='•\u3000ŠíF ƒ_ƒK[', menu_action=<bound method MenuSelectEquipSlot.equip_item of <menu.menu_equip.MenuSelectEquipSlot object at 0x00000281D0C9E520>>, action_args=(<EquipSlot.WEAPON: '0'>,))
2026-06-18 13:45:35,567 [INFO] menu.menu_equip: é¸æŠãƒ¡ãƒ‹ãƒ¥ãƒ¼å®Ÿè¡Œï¼šæ­¦ã€€å™¨ï¼š ãƒ€ã‚¬ãƒ¼
2026-06-18 13:45:35,567 [INFO] menu.menu_equip: ‘I‘ğƒƒjƒ…[ÀsF•@ŠíF ƒ_ƒK[
2026-06-18 13:45:37,835 [INFO] menu.menu_equip: MenuItem(item_label='ãƒŸã‚¹ãƒ†ã‚£ãƒƒã‚¯ã‚¨ãƒƒã‚¸', menu_action=None, action_args=(<ItemID.MAGICBLADE: 21>, 70))
2026-06-18 13:45:37,835 [INFO] menu.menu_equip: MenuItem(item_label='ƒ~ƒXƒeƒBƒbƒNƒGƒbƒW', menu_action=None, action_args=(<ItemID.MAGICBLADE: 21>, 70))
2026-06-18 13:45:41,200 [INFO] menu.menu_equip: MenuItem(item_label='é˜²\u3000å…·ï¼š ãªã—', menu_action=<bound method MenuSelectEquipSlot.equip_item of <menu.menu_equip.MenuSelectEquipSlot object at 0x00000281D0C9E520>>, action_args=(<EquipSlot.GUARDER: '1'>,))
2026-06-18 13:45:41,200 [INFO] menu.menu_equip: MenuItem(item_label='–h\u3000‹ïF ‚È‚µ', menu_action=<bound method MenuSelectEquipSlot.equip_item of <menu.menu_equip.MenuSelectEquipSlot object at 0x00000281D0C9E520>>, action_args=(<EquipSlot.GUARDER: '1'>,))
2026-06-18 13:45:41,201 [INFO] menu.menu_equip: é¸æŠãƒ¡ãƒ‹ãƒ¥ãƒ¼å®Ÿè¡Œï¼šé˜²ã€€å…·ï¼š ãªã—
2026-06-18 13:45:41,201 [INFO] menu.menu_equip: ‘I‘ğƒƒjƒ…[ÀsF–h@‹ïF ‚È‚µ
2026-06-18 13:45:43,433 [INFO] menu.menu_equip: MenuItem(item_label='é­”è¡“ã®ãƒ­ãƒ¼ãƒ–', menu_action=None, action_args=(<ItemID.ENCHANTROBE: 1796>, 149))
2026-06-18 13:45:43,433 [INFO] menu.menu_equip: MenuItem(item_label='–‚p‚Ìƒ[ƒu', menu_action=None, action_args=(<ItemID.ENCHANTROBE: 1796>, 149))
2026-06-18 13:45:44,466 [INFO] menu.menu_equip: MenuItem(item_label='é˜²\u3000å…·ï¼š é­”è¡“ã®ãƒ­ãƒ¼ãƒ–', menu_action=<bound method MenuSelectEquipSlot.equip_item of <menu.menu_equip.MenuSelectEquipSlot object at 0x00000281D0C9E520>>, action_args=(<EquipSlot.GUARDER: '1'>,))
2026-06-18 13:45:44,466 [INFO] menu.menu_equip: MenuItem(item_label='–h\u3000‹ïF –‚p‚Ìƒ[ƒu', menu_action=<bound method MenuSelectEquipSlot.equip_item of <menu.menu_equip.MenuSelectEquipSlot object at 0x00000281D0C9E520>>, action_args=(<EquipSlot.GUARDER: '1'>,))
2026-06-18 13:45:44,466 [INFO] menu.menu_equip: é¸æŠãƒ¡ãƒ‹ãƒ¥ãƒ¼å®Ÿè¡Œï¼šé˜²ã€€å…·ï¼š é­”è¡“ã®ãƒ­ãƒ¼ãƒ–
2026-06-18 13:45:44,466 [INFO] menu.menu_equip: ‘I‘ğƒƒjƒ…[ÀsF–h@‹ïF –‚p‚Ìƒ[ƒu
2026-06-18 13:46:03,164 [INFO] menu.menu_field: MenuItem(item_label='èƒ½åŠ›ç¢ºèª', menu_action=<bound method MenuField.show_status of <menu.menu_field.MenuField object at 0x00000281D0C9B9B0>>, action_args=())
2026-06-18 13:46:03,164 [INFO] menu.menu_field: MenuItem(item_label='”\—ÍŠm”F', menu_action=<bound method MenuField.show_status of <menu.menu_field.MenuField object at 0x00000281D0C9B9B0>>, action_args=())
2026-06-18 13:46:03,164 [INFO] menu.menu_field: é¸æŠãƒ¡ãƒ‹ãƒ¥ãƒ¼å®Ÿè¡Œï¼šèƒ½åŠ›ç¢ºèª
2026-06-18 13:46:03,164 [INFO] menu.menu_field: ‘I‘ğƒƒjƒ…[ÀsF”\—ÍŠm”F
2026-06-18 13:46:11,163 [INFO] menu.menu_field: MenuItem(item_label='èƒ½åŠ›ç¢ºèª', menu_action=<bound method MenuField.show_status of <menu.menu_field.MenuField object at 0x00000281D0BE3F00>>, action_args=())
2026-06-18 13:46:11,163 [INFO] menu.menu_field: MenuItem(item_label='”\—ÍŠm”F', menu_action=<bound method MenuField.show_status of <menu.menu_field.MenuField object at 0x00000281D0BE3F00>>, action_args=())
2026-06-18 13:46:11,163 [INFO] menu.menu_field: é¸æŠãƒ¡ãƒ‹ãƒ¥ãƒ¼å®Ÿè¡Œï¼šèƒ½åŠ›ç¢ºèª
2026-06-18 13:46:11,163 [INFO] menu.menu_field: ‘I‘ğƒƒjƒ…[ÀsF”\—ÍŠm”F
2026-06-18 13:46:18,961 [INFO] menu.menu_field: MenuItem(item_label='è£…å‚™å¤‰æ›´', menu_action=<bound method MenuField.equip_item of <menu.menu_field.MenuField object at 0x00000281D0BE3DF0>>, action_args=())
2026-06-18 13:46:18,961 [INFO] menu.menu_field: MenuItem(item_label='‘•”õ•ÏX', menu_action=<bound method MenuField.equip_item of <menu.menu_field.MenuField object at 0x00000281D0BE3DF0>>, action_args=())
2026-06-18 13:46:18,962 [INFO] menu.menu_field: é¸æŠãƒ¡ãƒ‹ãƒ¥ãƒ¼å®Ÿè¡Œï¼šè£…å‚™å¤‰æ›´
2026-06-18 13:46:18,962 [INFO] menu.menu_field: ‘I‘ğƒƒjƒ…[ÀsF‘•”õ•ÏX
2026-06-18 13:46:20,827 [INFO] menu.menu_field: MenuItem(item_label='å‘ªæ–‡è© å”±', menu_action=<bound method MenuField.use_skill of <menu.menu_field.MenuField object at 0x00000281D0BE3DF0>>, action_args=())
2026-06-18 13:46:20,827 [INFO] menu.menu_field: MenuItem(item_label='ô•¶‰r¥', menu_action=<bound method MenuField.use_skill of <menu.menu_field.MenuField object at 0x00000281D0BE3DF0>>, action_args=())
2026-06-18 13:46:20,828 [INFO] menu.menu_field: é¸æŠãƒ¡ãƒ‹ãƒ¥ãƒ¼å®Ÿè¡Œï¼šå‘ªæ–‡è© å”±
2026-06-18 13:46:20,828 [INFO] menu.menu_field: ‘I‘ğƒƒjƒ…[ÀsFô•¶‰r¥
2026-06-18 13:46:24,161 [INFO] menu.menu_field: MenuItem(item_label='èƒ½åŠ›ç¢ºèª', menu_action=<bound method MenuField.show_status of <menu.menu_field.MenuField object at 0x00000281D0D00A50>>, action_args=())
2026-06-18 13:46:24,161 [INFO] menu.menu_field: MenuItem(item_label='”\—ÍŠm”F', menu_action=<bound method MenuField.show_status of <menu.menu_field.MenuField object at 0x00000281D0D00A50>>, action_args=())
2026-06-18 13:46:24,161 [INFO] menu.menu_field: é¸æŠãƒ¡ãƒ‹ãƒ¥ãƒ¼å®Ÿè¡Œï¼šèƒ½åŠ›ç¢ºèª
2026-06-18 13:46:24,161 [INFO] menu.menu_field: ‘I‘ğƒƒjƒ…[ÀsF”\—ÍŠm”F
